<html>
<body>
<pre>
<h1>µVision Build Log</h1>
<h2>Project:</h2>
F:\keilWork\12.GUI\GUI.uvproj
Project File Date:  03/15/2015

<h2>Output:</h2>
Build target 'Target 1'
compiling gui.c...
compiling main.c...
src\main.c(74): warning:  #111-D: statement is unreachable
compiling gpio.c...
compiling IRQ.c...
compiling MMU.c...
assembling S3C2440.s...
compiling uart.c...
compiling clock.c...
compiling LCD.c...
compiling timer.c...
compiling adc.c...
compiling font16x16.c...
compiling zm16x16.c...
compiling element.c...
compiling gameMng.c...
class\gameMng.c(348): warning:  #111-D: statement is unreachable
compiling gameUi.c...
class\gameUi.c(119): warning:  #111-D: statement is unreachable
compiling mat.c...
compiling myUi.c...
compiling share.c...
compiling ui.c...
class\ui.c(101): warning:  #111-D: statement is unreachable
compiling element1.c...
compiling element2.c...
compiling element3.c...
compiling element4.c...
compiling element5.c...
compiling element6.c...
compiling element7.c...
compiling element8.c...
compiling element9.c...
compiling element10.c...
compiling element11.c...
compiling element12.c...
compiling tit_exitGame.c...
compiling tit_lian.c...
compiling tit_seccess.c...
compiling tit_start.c...
compiling white.c...
compiling tit_noConnect.c...
compiling tit_timeOut.c...
compiling tit_win.c...
compiling menu_back.c...
compiling menu_block1.c...
compiling menu_block2.c...
compiling menu_block3.c...
compiling menu_exit.c...
compiling menu_g_back.c...
compiling menu_next.c...
compiling menu_restart.c...
compiling menu_again.c...
compiling menu_ok.c...
linking...
.\out\GUI.axf: Warning: L6914W: option rwpi ignored when using --scatter.
Program Size: Code=25564 RO-data=708132 RW-data=124 ZI-data=157564  
User command #1: fromelf.exe --bin -o bin/GUI.bin out/GUI.axf
".\out\GUI.axf" - 0 Error(s), 5 Warning(s).
Build target 'Target 1'
compiling gui.c...
compiling main.c...
src\main.c(74): warning:  #111-D: statement is unreachable
compiling gpio.c...
compiling IRQ.c...
compiling MMU.c...
assembling S3C2440.s...
compiling uart.c...
compiling clock.c...
compiling LCD.c...
compiling timer.c...
compiling adc.c...
compiling font16x16.c...
compiling zm16x16.c...
compiling element.c...
compiling gameMng.c...
class\gameMng.c(348): warning:  #111-D: statement is unreachable
compiling gameUi.c...
class\gameUi.c(119): warning:  #111-D: statement is unreachable
compiling mat.c...
compiling myUi.c...
compiling share.c...
compiling ui.c...
class\ui.c(101): warning:  #111-D: statement is unreachable
compiling element1.c...
compiling element2.c...
compiling element3.c...
compiling element4.c...
compiling element5.c...
compiling element6.c...
compiling element7.c...
compiling element8.c...
compiling element9.c...
compiling element10.c...
compiling element11.c...
compiling element12.c...
compiling tit_exitGame.c...
compiling tit_lian.c...
compiling tit_seccess.c...
compiling tit_start.c...
compiling white.c...
compiling tit_noConnect.c...
compiling tit_timeOut.c...
compiling tit_win.c...
compiling menu_back.c...
compiling menu_block1.c...
compiling menu_block2.c...
compiling menu_block3.c...
compiling menu_exit.c...
compiling menu_g_back.c...
compiling menu_next.c...
compiling menu_restart.c...
compiling menu_again.c...
compiling menu_ok.c...
linking...
.\out\GUI.axf: Warning: L6914W: option rwpi ignored when using --scatter.
Program Size: Code=25564 RO-data=708132 RW-data=124 ZI-data=157564  
User command #1: fromelf.exe --bin -o bin/GUI.bin out/GUI.axf
".\out\GUI.axf" - 0 Error(s), 5 Warning(s).
