ARM Linker, 4.1 [Build 791] [Standard]

==============================================================================

Section Cross References

    gui.o(.text) refers to lcd.o(.text) for PutPixel
    main.o(.text) refers to clock.o(.text) for Set_FCLK
    main.o(.text) refers to irq.o(.text) for IRQ_Init
    main.o(.text) refers to uart.o(.text) for Uart0_Init
    main.o(.text) refers to lcd.o(.text) for Lcd_Init
    main.o(.text) refers to adc.o(.text) for ADC_Init
    main.o(.text) refers to timer.o(.text) for Timer0Init
    main.o(.text) refers to myui.o(.text) for initStartUi
    main.o(.text) refers to ui.o(.text) for execWin
    main.o(.text) refers to gameui.o(.text) for execGame
    irq.o(.text) refers to gpio.o(.text) for Led_Out
    irq.o(.text) refers to share.o(.text) for myTime0Handle
    irq.o(.text) refers to share.o(.data) for LoopVal
    s3c2440.o(STACK) refers (Special) to heapauxi.o(.text) for __use_two_region_memory
    s3c2440.o(HEAP) refers (Special) to heapauxi.o(.text) for __use_two_region_memory
    s3c2440.o(RESET) refers (Special) to heapauxi.o(.text) for __use_two_region_memory
    s3c2440.o(RESET) refers to irq.o(.text) for HandlerIRQ
    s3c2440.o(RESET) refers to mmu.o(.text) for MMU_Init
    s3c2440.o(RESET) refers to s3c2440.o(STACK) for Stack_Top
    s3c2440.o(RESET) refers to __main.o(!!!main) for __main
    s3c2440.o(.text) refers (Special) to heapauxi.o(.text) for __use_two_region_memory
    s3c2440.o(.text) refers to s3c2440.o(HEAP) for Heap_Mem
    s3c2440.o(.text) refers to s3c2440.o(STACK) for Stack_Mem
    uart.o(.text) refers to clock.o(.text) for Set_FCLK
    uart.o(.text) refers to dflt_noclz.o(x$fpl$dfltu) for __aeabi_ui2d
    uart.o(.text) refers to ddiv.o(x$fpl$ddiv) for __aeabi_ddiv
    uart.o(.text) refers to daddsub_noclz.o(x$fpl$dadd) for __aeabi_dadd
    uart.o(.text) refers to dfixu.o(x$fpl$dfixu) for __aeabi_d2uiz
    uart.o(.text) refers to c89vsprintf.o(.text) for __c89vsprintf
    uart.o(.text) refers to clock.o(.data) for PCLK
    clock.o(.text) refers to aeabi_sdiv.o(.text_udiv) for __aeabi_uidivmod
    clock.o(.text) refers to mmu.o(.text) for MMU_SetAsyncBusMode
    clock.o(.text) refers to clock.o(.data) for FCLK
    lcd.o(.text) refers to c89vsprintf.o(.text) for __c89vsprintf
    lcd.o(.text) refers to lcd.o(.bss) for LCD_BUFFER
    lcd.o(.text) refers to zm16x16.o(.constdata) for ZM_16x16
    lcd.o(.text) refers to font16x16.o(.constdata) for __CHS
    timer.o(.text) refers to aeabi_sdiv.o(.text_udiv) for __aeabi_uidivmod
    timer.o(.text) refers to clock.o(.data) for PCLK
    adc.o(.text) refers to uart.o(.text) for Uart_Printf
    adc.o(.text) refers to aeabi_sdiv.o(.text_udiv) for __aeabi_uidivmod
    adc.o(.text) refers to adc.o(.data) for xData
    adc.o(.text) refers to lcd.o(.text) for Lcd_ClearScr
    adc.o(.text) refers to gui.o(.text) for GUI_DrawHLine
    adc.o(.text) refers to aeabi_sdiv.o(.text) for __aeabi_idivmod
    element.o(.text) refers to lcd.o(.text) for Paint_Bmp
    element.o(.text) refers to element.o(.data) for picture
    element.o(.data) refers to element1.o(.constdata) for element1
    element.o(.data) refers to element2.o(.constdata) for element2
    element.o(.data) refers to element3.o(.constdata) for element3
    element.o(.data) refers to element4.o(.constdata) for element4
    element.o(.data) refers to element5.o(.constdata) for element5
    element.o(.data) refers to element6.o(.constdata) for element6
    element.o(.data) refers to element7.o(.constdata) for element7
    element.o(.data) refers to element8.o(.constdata) for element8
    element.o(.data) refers to element9.o(.constdata) for element9
    element.o(.data) refers to element10.o(.constdata) for element10
    element.o(.data) refers to element11.o(.constdata) for element11
    element.o(.data) refers to element12.o(.constdata) for element12
    gamemng.o(.text) refers to gui.o(.text) for GUI_DrawHLine
    gamemng.o(.text) refers to mat.o(.text) for getLocation
    gamemng.o(.text) refers to share.o(.text) for gameDelay
    gamemng.o(.text) refers to share.o(.data) for noConnectTime
    gameui.o(.text) refers to mat.o(.text) for initMat
    gameui.o(.text) refers to gamemng.o(.text) for initGameMng
    gameui.o(.text) refers to ui.o(.text) for showWin
    gameui.o(.text) refers to share.o(.text) for showTime
    gameui.o(.text) refers to aeabi_sdiv.o(.text) for __aeabi_idivmod
    gameui.o(.text) refers to adc.o(.text) for GetTouch
    gameui.o(.text) refers to share.o(.data) for restTime
    mat.o(.text) refers to rand.o(.emb_text) for rand
    mat.o(.text) refers to aeabi_sdiv.o(.text) for __aeabi_idivmod
    mat.o(.text) refers to uart.o(.text) for Uart_Printf
    mat.o(.text) refers to mat.o(.bss) for PicRandNum
    mat.o(.text) refers to rand.o(.text) for srand
    mat.o(.text) refers to element.o(.text) for showElement
    mat.o(.text) refers to gui.o(.text) for GUI_DrawRect
    mat.o(.text) refers to share.o(.data) for LoopVal
[...]
    .ARM.Collect$$libinit$$00000021          0x30000272   Section        0  libinit2.o(.ARM.Collect$$libinit$$00000021)
    .ARM.Collect$$libinit$$00000028          0x30000272   Section        0  libinit2.o(.ARM.Collect$$libinit$$00000028)
    .ARM.Collect$$libinit$$0000002A          0x30000272   Section        0  libinit2.o(.ARM.Collect$$libinit$$0000002A)
    .ARM.Collect$$libinit$$0000002C          0x30000272   Section        0  libinit2.o(.ARM.Collect$$libinit$$0000002C)
    .ARM.Collect$$libinit$$0000002E          0x30000272   Section        0  libinit2.o(.ARM.Collect$$libinit$$0000002E)
    .ARM.Collect$$libinit$$0000002F          0x30000272   Section       12  libinit2.o(.ARM.Collect$$libinit$$0000002F)
    .ARM.Collect$$libshutdown$$00000000      0x30000288   Section        4  libshutdown.o(.ARM.Collect$$libshutdown$$00000000)
    .ARM.Collect$$libshutdown$$00000003      0x3000028c   Section        0  libshutdown2.o(.ARM.Collect$$libshutdown$$00000003)
    .ARM.Collect$$libshutdown$$00000006      0x3000028c   Section        0  libshutdown2.o(.ARM.Collect$$libshutdown$$00000006)
    .ARM.Collect$$libshutdown$$00000009      0x3000028c   Section        0  libshutdown2.o(.ARM.Collect$$libshutdown$$00000009)
    .ARM.Collect$$libshutdown$$0000000B      0x3000028c   Section        0  libshutdown2.o(.ARM.Collect$$libshutdown$$0000000B)
    .ARM.Collect$$libshutdown$$0000000E      0x3000028c   Section        0  libshutdown2.o(.ARM.Collect$$libshutdown$$0000000E)
    .ARM.Collect$$libshutdown$$0000000F      0x3000028c   Section        6  libshutdown2.o(.ARM.Collect$$libshutdown$$0000000F)
    .ARM.Collect$$rtentry$$00000000          0x30000294   Section        0  rtentry.o(.ARM.Collect$$rtentry$$00000000)
    .ARM.Collect$$rtentry$$00000002          0x30000294   Section        0  rtentry2.o(.ARM.Collect$$rtentry$$00000002)
    .ARM.Collect$$rtentry$$00000004          0x30000294   Section        8  rtentry4.o(.ARM.Collect$$rtentry$$00000004)
    .ARM.Collect$$rtentry$$00000009          0x3000029c   Section        0  rtentry2.o(.ARM.Collect$$rtentry$$00000009)
    .ARM.Collect$$rtentry$$0000000A          0x3000029c   Section        4  rtentry2.o(.ARM.Collect$$rtentry$$0000000A)
    .ARM.Collect$$rtentry$$0000000C          0x300002a0   Section        0  rtentry2.o(.ARM.Collect$$rtentry$$0000000C)
    .ARM.Collect$$rtentry$$0000000D          0x300002a0   Section       40  rtentry2.o(.ARM.Collect$$rtentry$$0000000D)
    .ARM.Collect$$rtexit$$00000000           0x300002cc   Section        4  rtexit.o(.ARM.Collect$$rtexit$$00000000)
    .ARM.Collect$$rtexit$$00000002           0x300002d0   Section        0  rtexit2.o(.ARM.Collect$$rtexit$$00000002)
    .ARM.Collect$$rtexit$$00000003           0x300002d0   Section        4  rtexit2.o(.ARM.Collect$$rtexit$$00000003)
    .ARM.Collect$$rtexit$$00000004           0x300002d4   Section        8  rtexit2.o(.ARM.Collect$$rtexit$$00000004)
    .emb_text                                0x300002e4   Section       56  rand.o(.emb_text)
    .text                                    0x3000031c   Section        0  gui.o(.text)
    .text                                    0x300008e8   Section        0  main.o(.text)
    .text                                    0x30000b00   Section        0  gpio.o(.text)
    .text                                    0x30000b74   Section        0  irq.o(.text)
    .text                                    0x30000de0   Section        0  mmu.o(.text)
    .text                                    0x300010a4   Section       32  s3c2440.o(.text)
    .text                                    0x300010c4   Section        0  uart.o(.text)
    .text                                    0x300012d8   Section        0  clock.o(.text)
    .text                                    0x300015c8   Section        0  lcd.o(.text)
    .text                                    0x30001bb4   Section        0  timer.o(.text)
    .text                                    0x30001c74   Section        0  adc.o(.text)
    .text                                    0x30002434   Section        0  element.o(.text)
    .text                                    0x300024d4   Section        0  gamemng.o(.text)
    .text                                    0x3000302c   Section        0  gameui.o(.text)
    .text                                    0x300032d4   Section        0  mat.o(.text)
    .text                                    0x300038b4   Section        0  myui.o(.text)
    .text                                    0x30003d18   Section        0  share.o(.text)
    .text                                    0x30003e70   Section        0  ui.o(.text)
    .text                                    0x30004144   Section        0  c89vsprintf.o(.text)
    .text                                    0x30004174   Section        0  rand.o(.text)
    .text                                    0x300041b8   Section      384  aeabi_sdiv.o(.text)
    __arm_div8                               0x300041e4   ARM Code       0  aeabi_sdiv.o(.text)
    __arm_div5                               0x30004208   ARM Code       0  aeabi_sdiv.o(.text)
    __arm_div2                               0x3000422c   ARM Code       0  aeabi_sdiv.o(.text)
    __arm_div_large                          0x30004268   ARM Code       0  aeabi_sdiv.o(.text)
    .text                                    0x30004338   Section        0  heapauxi.o(.text)
    .text                                    0x3000433e   Section        0  _printf_pad.o(.text)
    .text                                    0x30004394   Section        0  _printf_truncate.o(.text)
    .text                                    0x300043c0   Section        0  _printf_str.o(.text)
    .text                                    0x30004420   Section        0  _printf_dec.o(.text)
    .text                                    0x30004498   Section        0  _printf_charcount.o(.text)
    .text                                    0x300044c0   Section        0  _printf_char_common.o(.text)
    _printf_input_char                       0x300044c1   Thumb Code    10  _printf_char_common.o(.text)
    .text                                    0x300044f0   Section        0  _sputc.o(.text)
    .text                                    0x300044fc   Section        0  _printf_wctomb.o(.text)
    .text                                    0x300045c4   Section        0  _printf_longlong_dec.o(.text)
    .text                                    0x30004640   Section        0  _printf_oct_int_ll.o(.text)
    _printf_longlong_oct_internal            0x30004641   Thumb Code     0  _printf_oct_int_ll.o(.text)
    .text                                    0x300046c0   Section        0  _printf_hex_int_ll_ptr.o(.text)
    _printf_hex_common                       0x300046c1   Thumb Code     0  _printf_hex_int_ll_ptr.o(.text)
    .text                                    0x30004760   Section        0  __printf_flags_ss_wp.o(.text)
    .text                                    0x30004900   Section      160  lludiv10.o(.text)
    .text                                    0x300049a0   Section        0  _printf_intcommon.o(.text)
    .text                                    0x30004a5c   Section        0  _printf_fp_dec.o(.text)
    _fp_digits                               0x30004a5f   Thumb Code   414  _printf_fp_dec.o(.text)
    .text                                    0x30004e84   Section        0  _printf_char.o(.text)
    .text                                    0x30004ec0   Section        0  _printf_wchar.o(.text)
    .text                                    0x30004ef2   Section        0  _wcrtomb.o(.text)
    .text                                    0x30004f40   Section       44  rtudiv10.o(.text)
    .text                                    0x30004f6c   Section       96  sys_stackheap_outer.o(.text)
    .text                                    0x30004fd0   Section       24  rt_ctype_table.o(.text)
    .text                                    0x30004fec   Section       12  rt_locale_intlibspace.o(.text)
    .text                                    0x30004ff8   Section        0  _printf_fp_infnan.o(.text)
    .text                                    0x30005088   Section        0  bigflt0.o(.text)
    .text                                    0x30005160   Section        0  exit.o(.text)
    .text                                    0x3000516c   Section       12  libspace.o(.text)
    .text                                    0x30005178   Section      160  strcmp.o(.text)
    .text                                    0x30005220   Section        0  sys_exit.o(.text)
    .text                                    0x3000522c   Section        4  use_no_semi.o(.text)
    .text                                    0x30005230   Section       12  rt_fp_status_addr_intlibspace.o(.text)
    .text                                    0x30005230   Section        0  indicate_semi.o(.text)
    .text_udiv                               0x3000523c   Section       36  aeabi_sdiv.o(.text_udiv)
    CL$$btod_d2e                             0x30005264   Section       56  btod.o(CL$$btod_d2e)
    CL$$btod_d2e_denorm_low                  0x3000529c   Section       84  btod.o(CL$$btod_d2e_denorm_low)
    CL$$btod_d2e_norm_op1                    0x300052f0   Section      104  btod.o(CL$$btod_d2e_norm_op1)
    CL$$btod_div_common                      0x30005358   Section      844  btod.o(CL$$btod_div_common)
    CL$$btod_e2e                             0x300056a4   Section      220  btod.o(CL$$btod_e2e)
    CL$$btod_ediv                            0x30005784   Section       52  btod.o(CL$$btod_ediv)
    CL$$btod_emul                            0x300057bc   Section       52  btod.o(CL$$btod_emul)
    CL$$btod_mult_common                     0x300057f0   Section      616  btod.o(CL$$btod_mult_common)
    i.__ARM_common_call_via_r1               0x30005aa0   Section        0  __printf.o(i.__ARM_common_call_via_r1)
    i.__ARM_common_call_via_r2               0x30005aa2   Section        0  _printf_wctomb.o(i.__ARM_common_call_via_r2)
    i.__ARM_common_call_via_r3               0x30005aa4   Section        0  _wcrtomb.o(i.__ARM_common_call_via_r3)
    i.__ARM_fpclassify                       0x30005aac   Section        0  fpclassify.o(i.__ARM_fpclassify)
    i._is_digit                              0x30005adc   Section        0  __printf_wp.o(i._is_digit)
    locale$$code                             0x30005af0   Section       80  lc_numeric_c.o(locale$$code)
    locale$$code                             0x30005b44   Section       80  lc_ctype_c.o(locale$$code)
    x$fpl$dadd                               0x30005b94   Section      340  daddsub_noclz.o(x$fpl$dadd)
    _dadd1                                   0x30005ba4   ARM Code       0  daddsub_noclz.o(x$fpl$dadd)
    x$fpl$ddiv                               0x30005ce8   Section      736  ddiv.o(x$fpl$ddiv)
    ddiv_entry                               0x30005cf0   ARM Code       0  ddiv.o(x$fpl$ddiv)
    x$fpl$dfixu                              0x30005fc8   Section      112  dfixu.o(x$fpl$dfixu)
    x$fpl$dflt                               0x30006038   Section       88  dflt_noclz.o(x$fpl$dflt)
    x$fpl$dfltu                              0x30006090   Section       12  dflt_noclz.o(x$fpl$dfltu)
    x$fpl$dnaninf                            0x3000609c   Section      192  dnaninf.o(x$fpl$dnaninf)
    x$fpl$dretinf                            0x3000615c   Section       16  dretinf.o(x$fpl$dretinf)
    x$fpl$dsub                               0x3000616c   Section      580  daddsub_noclz.o(x$fpl$dsub)
    _dsub1                                   0x3000617c   ARM Code       0  daddsub_noclz.o(x$fpl$dsub)
    x$fpl$fpinit                             0x300063b4   Section       24  fpinit.o(x$fpl$fpinit)
    x$fpl$ieeestatus                         0x300063d0   Section        8  istatus.o(x$fpl$ieeestatus)
    x$fpl$printf1                            0x300063d8   Section        4  printf1.o(x$fpl$printf1)
    .constdata                               0x300063dc   Section    265792  font16x16.o(.constdata)
    x$fpl$usenofp                            0x300063dc   Section        0  usenofp.o(x$fpl$usenofp)
    .constdata                               0x3004721c   Section      192  zm16x16.o(.constdata)
    .constdata                               0x300472dc   Section      800  element1.o(.constdata)
    .constdata                               0x300475fc   Section      800  element2.o(.constdata)
    .constdata                               0x3004791c   Section      800  element3.o(.constdata)
    .constdata                               0x30047c3c   Section      800  element4.o(.constdata)
    .constdata                               0x30047f5c   Section      800  element5.o(.constdata)
    .constdata                               0x3004827c   Section      800  element6.o(.constdata)
    .constdata                               0x3004859c   Section      800  element7.o(.constdata)
    .constdata                               0x300488bc   Section      800  element8.o(.constdata)
    .constdata                               0x30048bdc   Section      800  element9.o(.constdata)
    .constdata                               0x30048efc   Section      800  element10.o(.constdata)
    .constdata                               0x3004921c   Section      800  element11.o(.constdata)
    .constdata                               0x3004953c   Section      800  element12.o(.constdata)
    .constdata                               0x3004985c   Section    19200  tit_exitgame.o(.constdata)
    .constdata                               0x3004e35c   Section    14400  tit_lian.o(.constdata)
    .constdata                               0x30051b9c   Section    19200  tit_seccess.o(.constdata)
    .constdata                               0x3005669c   Section    19200  tit_start.o(.constdata)
    .constdata                               0x3005b19c   Section    153600  white.o(.constdata)
    .constdata                               0x3008099c   Section    28800  tit_noconnect.o(.constdata)
    .constdata                               0x30087a1c   Section    28800  tit_timeout.o(.constdata)
    .constdata                               0x3008ea9c   Section    43200  tit_win.o(.constdata)
    .constdata                               0x3009935c   Section    12000  menu_back.o(.constdata)
    .constdata                               0x3009c23c   Section    12000  menu_block1.o(.constdata)
    .constdata                               0x3009f11c   Section    12000  menu_block2.o(.constdata)
    .constdata                               0x300a1ffc   Section    12000  menu_block3.o(.constdata)
    .constdata                               0x300a4edc   Section    12000  menu_exit.o(.constdata)
    .constdata                               0x300a7dbc   Section     4800  menu_g_back.o(.constdata)
    .constdata                               0x300a907c   Section    12000  menu_next.o(.constdata)
    .constdata                               0x300abf5c   Section     4800  menu_restart.o(.constdata)
    .constdata                               0x300ad21c   Section    12000  menu_again.o(.constdata)
    .constdata                               0x300b00fc   Section    12000  menu_ok.o(.constdata)
    .constdata                               0x300b2fdc   Section        8  _printf_wctomb.o(.constdata)
    initial_mbstate                          0x300b2fdc   Data           8  _printf_wctomb.o(.constdata)
    .constdata                               0x300b2fe4   Section       40  _printf_hex_int_ll_ptr.o(.constdata)
    uc_hextab                                0x300b2fe4   Data          20  _printf_hex_int_ll_ptr.o(.constdata)
    lc_hextab                                0x300b2ff8   Data          20  _printf_hex_int_ll_ptr.o(.constdata)
    .constdata                               0x300b300c   Section       17  __printf_flags_ss_wp.o(.constdata)
    maptable                                 0x300b300c   Data          17  __printf_flags_ss_wp.o(.constdata)
    .constdata                               0x300b3020   Section      148  bigflt0.o(.constdata)
    tenpwrs_x                                0x300b3020   Data          60  bigflt0.o(.constdata)
    tenpwrs_i                                0x300b305c   Data          64  bigflt0.o(.constdata)
    locale$$data                             0x300b30d4   Section       28  lc_numeric_c.o(locale$$data)
    __lcnum_c_name                           0x300b30d8   Data           2  lc_numeric_c.o(locale$$data)
    __lcnum_c_start                          0x300b30e0   Data           0  lc_numeric_c.o(locale$$data)
    __lcnum_c_point                          0x300b30ec   Data           0  lc_numeric_c.o(locale$$data)
    __lcnum_c_thousands                      0x300b30ee   Data           0  lc_numeric_c.o(locale$$data)
    __lcnum_c_grouping                       0x300b30ef   Data           0  lc_numeric_c.o(locale$$data)
    locale$$data                             0x300b30f0   Section      272  lc_ctype_c.o(locale$$data)
    __lcnum_c_end                            0x300b30f0   Data           0  lc_numeric_c.o(locale$$data)
    __lcctype_c_name                         0x300b30f4   Data           2  lc_ctype_c.o(locale$$data)
    __lcctype_c_start                        0x300b30fc   Data           0  lc_ctype_c.o(locale$$data)
    __lcctype_c_end                          0x300b3200   Data           0  lc_ctype_c.o(locale$$data)
    .data                                    0x31000000   Section       12  clock.o(.data)
    .data                                    0x3100000c   Section       44  adc.o(.data)
    .data                                    0x31000038   Section       52  element.o(.data)
    .data                                    0x3100006c   Section       16  share.o(.data)
    .bss                                     0x3100007c   Section    153600  lcd.o(.bss)
    .bss                                     0x3102587c   Section       48  mat.o(.bss)
    PicRandNum                               0x3102587c   Data          48  mat.o(.bss)
    .bss                                     0x310258ac   Section      228  rand.o(.bss)
    .bss                                     0x31025990   Section       96  libspace.o(.bss)
    HEAP                                     0x310259f0   Section        0  s3c2440.o(HEAP)
    STACK                                    0x310259f0   Section     3592  s3c2440.o(STACK)
    Heap_Mem                                 0x310259f0   Data           0  s3c2440.o(HEAP)
    Stack_Mem                                0x310259f0   Data        1024  s3c2440.o(STACK)
    Stack_Top                                0x310267f8   Data           0  s3c2440.o(STACK)

    Global Symbols

    Symbol Name                              Value     Ov Type        Size  Object(Section)

    BuildAttributes$$THM_ISAv1$ARM_ISAv4$S$PE$A:L22$X:L11$S22$IEEE1$IW$USESV6$~STKCKD$USESV7$~SHL$OTIME$ROPI$IEEEJ$EBA8$UX$STANDARDLIB$REQ8$PRES8$EABIv2 0x00000000   Number         0  anon$$obj.o ABSOLUTE
    __ARM_use_no_argv                        0x00000000   Number         0  main.o ABSOLUTE
    _printf_flags                            0x00000000   Number         0  printf_stubs.o ABSOLUTE
    _printf_return_value                     0x00000000   Number         0  printf_stubs.o ABSOLUTE
    _printf_sizespec                         0x00000000   Number         0  printf_stubs.o ABSOLUTE
    _printf_widthprec                        0x00000000   Number         0  printf_stubs.o ABSOLUTE
    __ARM_exceptions_init                     - Undefined Weak Reference
    __alloca_initialize                       - Undefined Weak Reference
    __cpp_initialize__aeabi_                  - Undefined Weak Reference
    __cxa_finalize                            - Undefined Weak Reference
    __sigvec_lookup                           - Undefined Weak Reference
    _atexit_init                              - Undefined Weak Reference
    _call_atexit_fns                          - Undefined Weak Reference
    _clock_init                               - Undefined Weak Reference
    _fp_trap_init                             - Undefined Weak Reference
    _fp_trap_shutdown                         - Undefined Weak Reference
    _get_lc_collate                           - Undefined Weak Reference
    _get_lc_monetary                          - Undefined Weak Reference
    _get_lc_time                              - Undefined Weak Reference
    _getenv_init                              - Undefined Weak Reference
    _handle_redirection                       - Undefined Weak Reference
    _init_alloc                               - Undefined Weak Reference
    _init_user_alloc                          - Undefined Weak Reference
    _initio                                   - Undefined Weak Reference
    _printf_fp_hex                            - Undefined Weak Reference
    _printf_mbtowc                            - Undefined Weak Reference
    _printf_wc                                - Undefined Weak Reference
    _signal_finish                            - Undefined Weak Reference
    _signal_init                              - Undefined Weak Reference
    _terminate_alloc                          - Undefined Weak Reference
    _terminate_user_alloc                     - Undefined Weak Reference
    _terminateio                              - Undefined Weak Reference
    Image$$RW_RAM1$$RW$$Length               0x0000007c   Number         0  anon$$obj.o ABSOLUTE
    Image$$ER_ROM1$$RO$$Length               0x000b3200   Number         0  anon$$obj.o ABSOLUTE
    Reset_Handler                            0x30000064   ARM Code       0  s3c2440.o(RESET)
    __main                                   0x300000e8   ARM Code       8  __main.o(!!!main)
    __scatterload                            0x300000f0   ARM Code       0  __scatter.o(!!!scatter)
    __scatterload_rt2                        0x300000f0   ARM Code      52  __scatter.o(!!!scatter)
    __scatterload_null                       0x30000104   ARM Code       0  __scatter.o(!!!scatter)
    __scatterload_copy                       0x3000012c   ARM Code      40  __scatter_copy.o(!!handler_copy)
    __scatterload_zeroinit                   0x30000154   ARM Code      44  __scatter_zi.o(!!handler_zi)
    Inline Thumb to ARM Veneer to _printf_percent 0x30000181   Thumb Code     4  _printf_percent.o(.ARM.Collect$$_printf_percent$$00000000)
    _printf_n                                0x30000184   ARM Code       0  _printf_n.o(.ARM.Collect$$_printf_percent$$00000001)
    _printf_percent                          0x30000184   ARM Code       0  _printf_percent.o(.ARM.Collect$$_printf_percent$$00000000)
    _printf_p                                0x3000018c   ARM Code       0  _printf_p.o(.ARM.Collect$$_printf_percent$$00000002)
    _printf_f                                0x30000194   ARM Code       0  _printf_f.o(.ARM.Collect$$_printf_percent$$00000003)
    _printf_e                                0x3000019c   ARM Code       0  _printf_e.o(.ARM.Collect$$_printf_percent$$00000004)
    _printf_g                                0x300001a4   ARM Code       0  _printf_g.o(.ARM.Collect$$_printf_percent$$00000005)
    _printf_a                                0x300001ac   ARM Code       0  _printf_a.o(.ARM.Collect$$_printf_percent$$00000006)
    _printf_ll                               0x300001b4   ARM Code       0  _printf_ll.o(.ARM.Collect$$_printf_percent$$00000007)
    _printf_i                                0x300001c0   ARM Code       0  _printf_i.o(.ARM.Collect$$_printf_percent$$00000008)
    _printf_d                                0x300001c8   ARM Code       0  _printf_d.o(.ARM.Collect$$_printf_percent$$00000009)
    _printf_u                                0x300001d0   ARM Code       0  _printf_u.o(.ARM.Collect$$_printf_percent$$0000000A)
    _printf_o                                0x300001d8   ARM Code       0  _printf_o.o(.ARM.Collect$$_printf_percent$$0000000B)
    _printf_x                                0x300001e0   ARM Code       0  _printf_x.o(.ARM.Collect$$_printf_percent$$0000000C)
    _printf_lli                              0x300001e8   ARM Code       0  _printf_lli.o(.ARM.Collect$$_printf_percent$$0000000D)
    _printf_lld                              0x300001f0   ARM Code       0  _printf_lld.o(.ARM.Collect$$_printf_percent$$0000000E)
    _printf_llu                              0x300001f8   ARM Code       0  _printf_llu.o(.ARM.Collect$$_printf_percent$$0000000F)
    _printf_llo                              0x30000200   ARM Code       0  _printf_llo.o(.ARM.Collect$$_printf_percent$$00000010)
    _printf_llx                              0x30000208   ARM Code       0  _printf_llx.o(.ARM.Collect$$_printf_percent$$00000011)
    _printf_l                                0x30000210   ARM Code       0  _printf_l.o(.ARM.Collect$$_printf_percent$$00000012)
    _printf_c                                0x3000021c   ARM Code       0  _printf_c.o(.ARM.Collect$$_printf_percent$$00000013)
    _printf_s                                0x30000224   ARM Code       0  _printf_s.o(.ARM.Collect$$_printf_percent$$00000014)
    _printf_lc                               0x3000022c   ARM Code       0  _printf_lc.o(.ARM.Collect$$_printf_percent$$00000015)
    _printf_ls                               0x30000234   ARM Code       0  _printf_ls.o(.ARM.Collect$$_printf_percent$$00000016)
    _printf_percent_end                      0x3000023c   ARM Code       0  _printf_percent_end.o(.ARM.Collect$$_printf_percent$$00000017)
    Inline ARM to Thumb Veneer to __rt_lib_init 0x30000244   ARM Code       8  libinit.o(.ARM.Collect$$libinit$$00000000)
    __rt_lib_init                            0x3000024d   Thumb Code     0  libinit.o(.ARM.Collect$$libinit$$00000000)
    __rt_lib_init_heap_1                     0x30000253   Thumb Code     0  libinit2.o(.ARM.Collect$$libinit$$00000006)
    __rt_lib_init_rand_2                     0x30000253   Thumb Code     0  libinit2.o(.ARM.Collect$$libinit$$00000009)
    __rt_lib_init_user_alloc_1               0x30000253   Thumb Code     0  libinit2.o(.ARM.Collect$$libinit$$00000008)
    __rt_lib_init_lc_common                  0x30000257   Thumb Code     0  libinit2.o(.ARM.Collect$$libinit$$0000000B)
    __rt_lib_init_rand_1                     0x30000257   Thumb Code     0  libinit2.o(.ARM.Collect$$libinit$$0000000A)
    __rt_lib_init_lc_collate_1               0x3000025d   Thumb Code     0  libinit2.o(.ARM.Collect$$libinit$$0000000D)
    __rt_lib_init_lc_ctype_2                 0x3000025d   Thumb Code     0  libinit2.o(.ARM.Collect$$libinit$$0000000E)
    __rt_lib_init_lc_ctype_1                 0x30000269   Thumb Code     0  libinit2.o(.ARM.Collect$$libinit$$0000000F)
    __rt_lib_init_lc_monetary_1              0x30000269   Thumb Code     0  libinit2.o(.ARM.Collect$$libinit$$00000011)
    __rt_lib_init_lc_numeric_2               0x30000269   Thumb Code     0  libinit2.o(.ARM.Collect$$libinit$$00000012)
    __rt_lib_init_alloca_1                   0x30000273   Thumb Code     0  libinit2.o(.ARM.Collect$$libinit$$0000002A)
    __rt_lib_init_argv_1                     0x30000273   Thumb Code     0  libinit2.o(.ARM.Collect$$libinit$$00000028)
    __rt_lib_init_atexit_1                   0x30000273   Thumb Code     0  libinit2.o(.ARM.Collect$$libinit$$00000017)
    __rt_lib_init_clock_1                    0x30000273   Thumb Code     0  libinit2.o(.ARM.Collect$$libinit$$0000001D)
    __rt_lib_init_cpp_1                      0x30000273   Thumb Code     0  libinit2.o(.ARM.Collect$$libinit$$0000002E)
    __rt_lib_init_exceptions_1               0x30000273   Thumb Code     0  libinit2.o(.ARM.Collect$$libinit$$0000002C)
    __rt_lib_init_fp_trap_1                  0x30000273   Thumb Code     0  libinit2.o(.ARM.Collect$$libinit$$0000001B)
    __rt_lib_init_getenv_1                   0x30000273   Thumb Code     0  libinit2.o(.ARM.Collect$$libinit$$0000001F)
    __rt_lib_init_lc_numeric_1               0x30000273   Thumb Code     0  libinit2.o(.ARM.Collect$$libinit$$00000013)
    __rt_lib_init_lc_time_1                  0x30000273   Thumb Code     0  libinit2.o(.ARM.Collect$$libinit$$00000015)
    __rt_lib_init_return                     0x30000273   Thumb Code     0  libinit2.o(.ARM.Collect$$libinit$$0000002F)
    __rt_lib_init_signal_1                   0x30000273   Thumb Code     0  libinit2.o(.ARM.Collect$$libinit$$00000019)
    __rt_lib_init_stdio_1                    0x30000273   Thumb Code     0  libinit2.o(.ARM.Collect$$libinit$$00000021)
    Inline ARM to Thumb Veneer to __rt_lib_shutdown 0x30000280   ARM Code       8  libshutdown.o(.ARM.Collect$$libshutdown$$00000000)
    __rt_lib_shutdown                        0x30000289   Thumb Code     0  libshutdown.o(.ARM.Collect$$libshutdown$$00000000)
    __rt_lib_shutdown_fp_trap_1              0x3000028d   Thumb Code     0  libshutdown2.o(.ARM.Collect$$libshutdown$$00000006)
    __rt_lib_shutdown_heap_1                 0x3000028d   Thumb Code     0  libshutdown2.o(.ARM.Collect$$libshutdown$$0000000E)
    __rt_lib_shutdown_return                 0x3000028d   Thumb Code     0  libshutdown2.o(.ARM.Collect$$libshutdown$$0000000F)
    __rt_lib_shutdown_signal_1               0x3000028d   Thumb Code     0  libshutdown2.o(.ARM.Collect$$libshutdown$$00000009)
    __rt_lib_shutdown_stdio_1                0x3000028d   Thumb Code     0  libshutdown2.o(.ARM.Collect$$libshutdown$$00000003)
    __rt_lib_shutdown_user_alloc_1           0x3000028d   Thumb Code     0  libshutdown2.o(.ARM.Collect$$libshutdown$$0000000B)
    __rt_entry                               0x30000294   ARM Code       0  rtentry.o(.ARM.Collect$$rtentry$$00000000)
    __rt_entry_presh_1                       0x30000294   ARM Code       0  rtentry2.o(.ARM.Collect$$rtentry$$00000002)
    __rt_entry_sh                            0x30000294   ARM Code       0  rtentry4.o(.ARM.Collect$$rtentry$$00000004)
    __rt_entry_li                            0x3000029c   ARM Code       0  rtentry2.o(.ARM.Collect$$rtentry$$0000000A)
    __rt_entry_postsh_1                      0x3000029c   ARM Code       0  rtentry2.o(.ARM.Collect$$rtentry$$00000009)
    __rt_entry_main                          0x300002a0   ARM Code       0  rtentry2.o(.ARM.Collect$$rtentry$$0000000D)
    __rt_entry_postli_1                      0x300002a0   ARM Code       0  rtentry2.o(.ARM.Collect$$rtentry$$0000000C)
    Inline Thumb to ARM Veneer to __rt_exit  0x300002c9   Thumb Code     4  rtexit.o(.ARM.Collect$$rtexit$$00000000)
    __rt_exit                                0x300002cc   ARM Code       0  rtexit.o(.ARM.Collect$$rtexit$$00000000)
    __rt_exit_ls                             0x300002d0   ARM Code       0  rtexit2.o(.ARM.Collect$$rtexit$$00000003)
    __rt_exit_prels_1                        0x300002d0   ARM Code       0  rtexit2.o(.ARM.Collect$$rtexit$$00000002)
    __rt_exit_exit                           0x300002d4   ARM Code       0  rtexit2.o(.ARM.Collect$$rtexit$$00000004)
    Inline ARM to Thumb Veneer to rand       0x300002dc   ARM Code       8  rand.o(.emb_text)
    rand                                     0x300002e5   Thumb Code    52  rand.o(.emb_text)
    GetIcon                                  0x3000031c   ARM Code     516  gui.o(.text)
    GUI_DrawVLine                            0x30000520   ARM Code     116  gui.o(.text)
    GUI_DrawHLine                            0x30000594   ARM Code     116  gui.o(.text)
    GUI_DrawRect                             0x30000608   ARM Code     180  gui.o(.text)
    GUI_DrawLine                             0x300006bc   ARM Code     480  gui.o(.text)
    GUI_FillRect                             0x3000089c   ARM Code      76  gui.o(.text)
    main                                     0x300008e8   ARM Code     468  main.o(.text)
    GPB_Conf                                 0x30000b00   ARM Code      24  gpio.o(.text)
    delay                                    0x30000b18   ARM Code      44  gpio.o(.text)
    Led_Out                                  0x30000b44   ARM Code      36  gpio.o(.text)
    Key_LED                                  0x30000b74   ARM Code     276  irq.o(.text)
    Timer0_Handle                            0x30000c88   ARM Code      68  irq.o(.text)
    HandlerIRQ                               0x30000ccc   ARM Code     108  irq.o(.text)
    IRQ_Init                                 0x30000d38   ARM Code      24  irq.o(.text)
    EINT8_Init                               0x30000d50   ARM Code     132  irq.o(.text)
    MMU_SetMTT                               0x30000de0   ARM Code      68  mmu.o(.text)
    MMU_Init                                 0x30000e24   ARM Code     520  mmu.o(.text)
    MMU_SetAsyncBusMode                      0x3000102c   ARM Code      44  mmu.o(.text)
    MMU_SetFastBusMode                       0x30001058   ARM Code      32  mmu.o(.text)
    __user_initial_stackheap                 0x300010a4   ARM Code       0  s3c2440.o(.text)
    Uart0_Init                               0x300010c4   ARM Code     284  uart.o(.text)
    Uart_SendByte                            0x300011e0   ARM Code      32  uart.o(.text)
    Uart_SentStr                             0x30001200   ARM Code      48  uart.o(.text)
    Uart_GetByte                             0x30001230   ARM Code      32  uart.o(.text)
    Uart_GetStr                              0x30001250   ARM Code      56  uart.o(.text)
    Uart_Printf                              0x30001288   ARM Code      64  uart.o(.text)
    Set_FCLK                                 0x300012d8   ARM Code     204  clock.o(.text)
    Set_ClkDivn                              0x300013a4   ARM Code     520  clock.o(.text)
    LCD_VideoON                              0x300015c8   ARM Code      24  lcd.o(.text)
    LCD_VideoOFF                             0x300015e0   ARM Code      24  lcd.o(.text)
    LCD_PowerON                              0x300015f8   ARM Code      24  lcd.o(.text)
    LCD_PowerOFF                             0x30001610   ARM Code      24  lcd.o(.text)
    Lcd_ClearScr                             0x30001628   ARM Code      76  lcd.o(.text)
    Lcd_Init                                 0x30001674   ARM Code     168  lcd.o(.text)
    PutPixel                                 0x3000171c   ARM Code      40  lcd.o(.text)
    Paint_Bmp                                0x30001744   ARM Code     124  lcd.o(.text)
    Paint_Bmp_Part                           0x300017c0   ARM Code     144  lcd.o(.text)
    DispHZ_16x16                             0x30001850   ARM Code     168  lcd.o(.text)
    Lcd_DispHZ                               0x300018f8   ARM Code     196  lcd.o(.text)
    Lcd_DispASCII                            0x300019bc   ARM Code     160  lcd.o(.text)
    Lcd_printf                               0x30001a5c   ARM Code     296  lcd.o(.text)
    Timer0Init                               0x30001bb4   ARM Code     184  timer.o(.text)
    ADC_Init                                 0x30001c74   ARM Code      32  adc.o(.text)
    Get_AD_XY                                0x30001c94   ARM Code     312  adc.o(.text)
    Get_AD_XYs                               0x30001dcc   ARM Code     232  adc.o(.text)
    GetTouch                                 0x30001eb4   ARM Code     440  adc.o(.text)
    Touch_to_LCD                             0x3000206c   ARM Code     772  adc.o(.text)
    Get_Touch                                0x30002370   ARM Code     176  adc.o(.text)
    initElement                              0x30002434   ARM Code       8  element.o(.text)
    showElement                              0x3000243c   ARM Code     148  element.o(.text)
    initGameMng                              0x300024d4   ARM Code      32  gamemng.o(.text)
    connectByZero                            0x300024f4   ARM Code     308  gamemng.o(.text)
    connectByOne                             0x30002628   ARM Code     316  gamemng.o(.text)
    upConnect                                0x30002764   ARM Code     252  gamemng.o(.text)
    downConnect                              0x30002860   ARM Code     252  gamemng.o(.text)
    leftConnect                              0x3000295c   ARM Code     252  gamemng.o(.text)
    rightConnect                             0x30002a58   ARM Code     252  gamemng.o(.text)
    connectByTwo                             0x30002b54   ARM Code     112  gamemng.o(.text)
    drawLInkLine                             0x30002bc4   ARM Code     332  gamemng.o(.text)
    isConnect                                0x30002d10   ARM Code     256  gamemng.o(.text)
    seccess                                  0x30002e10   ARM Code      32  gamemng.o(.text)
    doGame                                   0x30002e30   ARM Code     500  gamemng.o(.text)
    initGame                                 0x3000302c   ARM Code      52  gameui.o(.text)
    showGame                                 0x30003060   ARM Code      44  gameui.o(.text)
    haveConnect                              0x3000308c   ARM Code     252  gameui.o(.text)
    execGame                                 0x30003188   ARM Code     320  gameui.o(.text)
    getRand                                  0x300032d4   ARM Code      52  mat.o(.text)
    getPicRandNum                            0x30003308   ARM Code     204  mat.o(.text)
    changeRandPic                            0x300033d4   ARM Code     120  mat.o(.text)
    adjustRand                               0x3000344c   ARM Code     160  mat.o(.text)
    printfMat                                0x300034ec   ARM Code     140  mat.o(.text)
    initMat                                  0x30003578   ARM Code     204  mat.o(.text)
    showMat                                  0x30003644   ARM Code      92  mat.o(.text)
    getLocation                              0x300036a0   ARM Code     156  mat.o(.text)
    showBoard                                0x3000373c   ARM Code     160  mat.o(.text)
    clearPic                                 0x300037dc   ARM Code      28  mat.o(.text)
    clearPicShow                             0x300037f8   ARM Code     144  mat.o(.text)
    initMenuPic                              0x300038b4   ARM Code      40  myui.o(.text)
    initStartUi                              0x300038dc   ARM Code     212  myui.o(.text)
    initGameUi                               0x300039b0   ARM Code     140  myui.o(.text)
    initNextUi                               0x30003a3c   ARM Code     140  myui.o(.text)
    initTimeOutUi                            0x30003ac8   ARM Code     140  myui.o(.text)
    initNoConnectUi                          0x30003b54   ARM Code     140  myui.o(.text)
    initWinUi                                0x30003be0   ARM Code     104  myui.o(.text)
    initEndUi                                0x30003c48   ARM Code     140  myui.o(.text)
    gameDelay                                0x30003d18   ARM Code      48  share.o(.text)
    showTime                                 0x30003d48   ARM Code      52  share.o(.text)
    myTime0Handle                            0x30003d7c   ARM Code     144  share.o(.text)
    showWin                                  0x30003e70   ARM Code     252  ui.o(.text)
    showMenuBoard                            0x30003f6c   ARM Code     116  ui.o(.text)
    getMenu                                  0x30003fe0   ARM Code     256  ui.o(.text)
    execWin                                  0x300040e0   ARM Code      84  ui.o(.text)
    Inline ARM to Thumb Veneer to __c89vsprintf 0x3000413c   ARM Code       8  c89vsprintf.o(.text)
    __c89vsprintf                            0x30004145   Thumb Code    36  c89vsprintf.o(.text)
    Inline ARM to Thumb Veneer to srand      0x3000416c   ARM Code       8  rand.o(.text)
    srand                                    0x30004175   Thumb Code    48  rand.o(.text)
    _rand_init                               0x300041a5   Thumb Code     4  rand.o(.text)
    Inline Thumb to ARM Veneer to __aeabi_idivmod 0x300041b5   Thumb Code     4  aeabi_sdiv.o(.text)
    __aeabi_idiv                             0x300041b8   ARM Code       0  aeabi_sdiv.o(.text)
    __aeabi_idivmod                          0x300041b8   ARM Code     384  aeabi_sdiv.o(.text)
    __use_two_region_memory                  0x30004339   Thumb Code     2  heapauxi.o(.text)
    __rt_heap_escrow$2region                 0x3000433b   Thumb Code     2  heapauxi.o(.text)
    __rt_heap_expand$2region                 0x3000433d   Thumb Code     2  heapauxi.o(.text)
    _printf_pre_padding                      0x3000433f   Thumb Code    50  _printf_pad.o(.text)
    _printf_post_padding                     0x30004371   Thumb Code    36  _printf_pad.o(.text)
    _printf_truncate_signed                  0x30004395   Thumb Code    22  _printf_truncate.o(.text)
    _printf_truncate_unsigned                0x300043ab   Thumb Code    22  _printf_truncate.o(.text)
    _printf_str                              0x300043c1   Thumb Code    88  _printf_str.o(.text)
    Inline ARM to Thumb Veneer to _printf_int_dec 0x30004418   ARM Code       8  _printf_dec.o(.text)
    _printf_int_dec                          0x30004421   Thumb Code    94  _printf_dec.o(.text)
    Inline ARM to Thumb Veneer to _printf_charcount 0x30004490   ARM Code       8  _printf_charcount.o(.text)
    _printf_charcount                        0x30004499   Thumb Code    40  _printf_charcount.o(.text)
    _printf_char_common                      0x300044cb   Thumb Code    34  _printf_char_common.o(.text)
    _sputc                                   0x300044f1   Thumb Code    10  _sputc.o(.text)
    _printf_wctomb                           0x300044fd   Thumb Code   188  _printf_wctomb.o(.text)
    Inline ARM to Thumb Veneer to _printf_longlong_dec 0x300045bc   ARM Code       8  _printf_longlong_dec.o(.text)
    _printf_longlong_dec                     0x300045c5   Thumb Code    98  _printf_longlong_dec.o(.text)
    Inline ARM to Thumb Veneer to _printf_int_oct 0x30004638   ARM Code       8  _printf_oct_int_ll.o(.text)
    _printf_longlong_oct                     0x30004641   Thumb Code    72  _printf_oct_int_ll.o(.text)
    _printf_int_oct                          0x30004689   Thumb Code    28  _printf_oct_int_ll.o(.text)
    _printf_ll_oct                           0x300046a5   Thumb Code    10  _printf_oct_int_ll.o(.text)
    Inline ARM to Thumb Veneer to _printf_hex_ptr 0x300046b8   ARM Code       8  _printf_hex_int_ll_ptr.o(.text)
    _printf_longlong_hex                     0x300046c1   Thumb Code    92  _printf_hex_int_ll_ptr.o(.text)
    _printf_int_hex                          0x3000471d   Thumb Code    32  _printf_hex_int_ll_ptr.o(.text)
    _printf_ll_hex                           0x3000473d   Thumb Code    10  _printf_hex_int_ll_ptr.o(.text)
    _printf_hex_ptr                          0x30004747   Thumb Code    22  _printf_hex_int_ll_ptr.o(.text)
    __printf                                 0x30004761   Thumb Code   408  __printf_flags_ss_wp.o(.text)
    Inline Thumb to ARM Veneer to _ll_udiv10 0x300048fd   Thumb Code     4  lludiv10.o(.text)
    _ll_udiv10                               0x30004900   ARM Code     160  lludiv10.o(.text)
    _printf_int_common                       0x300049a1   Thumb Code   186  _printf_intcommon.o(.text)
    __lib_sel_fp_printf                      0x30004a5d   Thumb Code     2  _printf_fp_dec.o(.text)
    _printf_fp_dec_real                      0x30004bfd   Thumb Code   626  _printf_fp_dec.o(.text)
    Inline ARM to Thumb Veneer to _printf_char 0x30004e7c   ARM Code       8  _printf_char.o(.text)
    _printf_cs_common                        0x30004e85   Thumb Code    26  _printf_char.o(.text)
    _printf_char                             0x30004e9f   Thumb Code    16  _printf_char.o(.text)
    _printf_string                           0x30004eaf   Thumb Code     8  _printf_char.o(.text)
    Inline ARM to Thumb Veneer to _printf_wchar 0x30004eb8   ARM Code       8  _printf_wchar.o(.text)
    _printf_lcs_common                       0x30004ec1   Thumb Code    26  _printf_wchar.o(.text)
    _printf_wchar                            0x30004edb   Thumb Code    16  _printf_wchar.o(.text)
    _printf_wstring                          0x30004eeb   Thumb Code     8  _printf_wchar.o(.text)
    _wcrtomb                                 0x30004ef3   Thumb Code    74  _wcrtomb.o(.text)
    Inline Thumb to ARM Veneer to __rt_udiv10 0x30004f3d   Thumb Code     4  rtudiv10.o(.text)
    __rt_udiv10                              0x30004f40   ARM Code      44  rtudiv10.o(.text)
    __user_setup_stackheap                   0x30004f6c   ARM Code      96  sys_stackheap_outer.o(.text)
    Inline Thumb to ARM Veneer to __rt_ctype_table 0x30004fcd   Thumb Code     4  rt_ctype_table.o(.text)
    __rt_ctype_table                         0x30004fd0   ARM Code      24  rt_ctype_table.o(.text)
    Inline Thumb to ARM Veneer to __rt_locale 0x30004fe9   Thumb Code     4  rt_locale_intlibspace.o(.text)
    __rt_locale                              0x30004fec   ARM Code      12  rt_locale_intlibspace.o(.text)
    _printf_fp_infnan                        0x30004ff9   Thumb Code   128  _printf_fp_infnan.o(.text)
    _btod_etento                             0x30005089   Thumb Code   210  bigflt0.o(.text)
    exit                                     0x30005161   Thumb Code    12  exit.o(.text)
    __user_libspace                          0x3000516c   ARM Code      12  libspace.o(.text)
    __user_perproc_libspace                  0x3000516c   ARM Code       0  libspace.o(.text)
    __user_perthread_libspace                0x3000516c   ARM Code       0  libspace.o(.text)
    strcmp                                   0x30005178   ARM Code     156  strcmp.o(.text)
    Inline ARM to Thumb Veneer to _sys_exit  0x30005218   ARM Code       8  sys_exit.o(.text)
    _sys_exit                                0x30005221   Thumb Code     8  sys_exit.o(.text)
    __I$use$semihosting                      0x3000522c   ARM Code       0  use_no_semi.o(.text)
    __use_no_semihosting_swi                 0x3000522c   ARM Code       4  use_no_semi.o(.text)
    __rt_fp_status_addr                      0x30005230   ARM Code      12  rt_fp_status_addr_intlibspace.o(.text)
    __semihosting_library_function           0x30005230   ARM Code       0  indicate_semi.o(.text)
    __aeabi_uidiv                            0x3000523c   ARM Code       0  aeabi_sdiv.o(.text_udiv)
    __aeabi_uidivmod                         0x3000523c   ARM Code      36  aeabi_sdiv.o(.text_udiv)
    Inline Thumb to ARM Veneer to _btod_d2e  0x30005261   Thumb Code     4  btod.o(CL$$btod_d2e)
    _btod_d2e                                0x30005264   ARM Code      56  btod.o(CL$$btod_d2e)
    _d2e_denorm_low                          0x3000529c   ARM Code      84  btod.o(CL$$btod_d2e_denorm_low)
    _d2e_norm_op1                            0x300052f0   ARM Code     104  btod.o(CL$$btod_d2e_norm_op1)
    __btod_div_common                        0x30005358   ARM Code     716  btod.o(CL$$btod_div_common)
    _e2e                                     0x300056a4   ARM Code     220  btod.o(CL$$btod_e2e)
    Inline Thumb to ARM Veneer to _btod_ediv 0x30005781   Thumb Code     4  btod.o(CL$$btod_ediv)
    _btod_ediv                               0x30005784   ARM Code      52  btod.o(CL$$btod_ediv)
    Inline Thumb to ARM Veneer to _btod_emul 0x300057b9   Thumb Code     4  btod.o(CL$$btod_emul)
    _btod_emul                               0x300057bc   ARM Code      52  btod.o(CL$$btod_emul)
    __btod_mult_common                       0x300057f0   ARM Code     616  btod.o(CL$$btod_mult_common)
    Long ARM to Thumb Veneer to _printf_int_hex 0x30005a58   ARM Code      12  anon$$obj.o(Veneer$$Code)
    Long ARM to Thumb Veneer to _printf_ll_oct 0x30005a64   ARM Code      12  anon$$obj.o(Veneer$$Code)
    Long ARM to Thumb Veneer to _printf_ll_hex 0x30005a70   ARM Code      12  anon$$obj.o(Veneer$$Code)
    Long ARM to Thumb Veneer to _printf_string 0x30005a7c   ARM Code      12  anon$$obj.o(Veneer$$Code)
    Long ARM to Thumb Veneer to _printf_wstring 0x30005a88   ARM Code      12  anon$$obj.o(Veneer$$Code)
    Long ARM to Thumb Veneer to _printf_fp_dec_real 0x30005a94   ARM Code      12  anon$$obj.o(Veneer$$Code)
    __ARM_common_call_via_r1                 0x30005aa1   Thumb Code     2  __printf.o(i.__ARM_common_call_via_r1)
    __ARM_common_call_via_r2                 0x30005aa3   Thumb Code     2  _printf_wctomb.o(i.__ARM_common_call_via_r2)
    __ARM_common_call_via_r3                 0x30005aa5   Thumb Code     2  _wcrtomb.o(i.__ARM_common_call_via_r3)
    Inline Thumb to ARM Veneer to __ARM_fpclassify 0x30005aa9   Thumb Code     4  fpclassify.o(i.__ARM_fpclassify)
    __ARM_fpclassify                         0x30005aac   ARM Code      48  fpclassify.o(i.__ARM_fpclassify)
    _is_digit                                0x30005add   Thumb Code    14  __printf_wp.o(i._is_digit)
    Inline Thumb to ARM Veneer to _get_lc_numeric 0x30005aed   Thumb Code     4  lc_numeric_c.o(locale$$code)
    _get_lc_numeric                          0x30005af0   ARM Code      80  lc_numeric_c.o(locale$$code)
    Inline Thumb to ARM Veneer to _get_lc_ctype 0x30005b41   Thumb Code     4  lc_ctype_c.o(locale$$code)
    _get_lc_ctype                            0x30005b44   ARM Code      80  lc_ctype_c.o(locale$$code)
    __aeabi_dadd                             0x30005b94   ARM Code       0  daddsub_noclz.o(x$fpl$dadd)
    _dadd                                    0x30005b94   ARM Code     336  daddsub_noclz.o(x$fpl$dadd)
    __aeabi_ddiv                             0x30005ce8   ARM Code       0  ddiv.o(x$fpl$ddiv)
    _ddiv                                    0x30005ce8   ARM Code     600  ddiv.o(x$fpl$ddiv)
    __aeabi_d2uiz                            0x30005fc8   ARM Code       0  dfixu.o(x$fpl$dfixu)
    _dfixu                                   0x30005fc8   ARM Code     112  dfixu.o(x$fpl$dfixu)
    __aeabi_i2d                              0x30006038   ARM Code       0  dflt_noclz.o(x$fpl$dflt)
    _dflt                                    0x30006038   ARM Code      88  dflt_noclz.o(x$fpl$dflt)
    __dflt_normalise                         0x30006048   ARM Code       0  dflt_noclz.o(x$fpl$dflt)
    __aeabi_ui2d                             0x30006090   ARM Code       0  dflt_noclz.o(x$fpl$dfltu)
    _dfltu                                   0x30006090   ARM Code      12  dflt_noclz.o(x$fpl$dfltu)
    __fpl_dnaninf                            0x3000609c   ARM Code     192  dnaninf.o(x$fpl$dnaninf)
    __fpl_dretinf                            0x3000615c   ARM Code      16  dretinf.o(x$fpl$dretinf)
    __aeabi_dsub                             0x3000616c   ARM Code       0  daddsub_noclz.o(x$fpl$dsub)
    _dsub                                    0x3000616c   ARM Code     576  daddsub_noclz.o(x$fpl$dsub)
    Inline Thumb to ARM Veneer to _fp_init   0x300063b1   Thumb Code     4  fpinit.o(x$fpl$fpinit)
    _fp_init                                 0x300063b4   ARM Code      24  fpinit.o(x$fpl$fpinit)
    __fplib_config_pureend_doubles           0x300063c4   ARM Code       0  fpinit.o(x$fpl$fpinit)
    Inline Thumb to ARM Veneer to __ieee_status 0x300063cd   Thumb Code     4  istatus.o(x$fpl$ieeestatus)
    __ieee_status                            0x300063d0   ARM Code       8  istatus.o(x$fpl$ieeestatus)
    _printf_fp_dec                           0x300063d8   ARM Code       4  printf1.o(x$fpl$printf1)
    __CHS                                    0x300063dc   Data       261696  font16x16.o(.constdata)
    __I$use$fp                               0x300063dc   ARM Code       0  usenofp.o(x$fpl$usenofp)
    __VGA                                    0x3004621c   Data        4096  font16x16.o(.constdata)
    ZM_16x16                                 0x3004721c   Data         192  zm16x16.o(.constdata)
    element1                                 0x300472dc   Data         800  element1.o(.constdata)
    element2                                 0x300475fc   Data         800  element2.o(.constdata)
    element3                                 0x3004791c   Data         800  element3.o(.constdata)
    element4                                 0x30047c3c   Data         800  element4.o(.constdata)
    element5                                 0x30047f5c   Data         800  element5.o(.constdata)
    element6                                 0x3004827c   Data         800  element6.o(.constdata)
    element7                                 0x3004859c   Data         800  element7.o(.constdata)
    element8                                 0x300488bc   Data         800  element8.o(.constdata)
    element9                                 0x30048bdc   Data         800  element9.o(.constdata)
    element10                                0x30048efc   Data         800  element10.o(.constdata)
    element11                                0x3004921c   Data         800  element11.o(.constdata)
    element12                                0x3004953c   Data         800  element12.o(.constdata)
    tit_exitGame                             0x3004985c   Data       19200  tit_exitgame.o(.constdata)
    tit_lian                                 0x3004e35c   Data       14400  tit_lian.o(.constdata)
    tit_seccess                              0x30051b9c   Data       19200  tit_seccess.o(.constdata)
    tit_start                                0x3005669c   Data       19200  tit_start.o(.constdata)
    white                                    0x3005b19c   Data       153600  white.o(.constdata)
    tit_noConnect                            0x3008099c   Data       28800  tit_noconnect.o(.constdata)
    tit_timeOut                              0x30087a1c   Data       28800  tit_timeout.o(.constdata)
    tit_win                                  0x3008ea9c   Data       43200  tit_win.o(.constdata)
    menu_back                                0x3009935c   Data       12000  menu_back.o(.constdata)
    menu_block1                              0x3009c23c   Data       12000  menu_block1.o(.constdata)
    menu_block2                              0x3009f11c   Data       12000  menu_block2.o(.constdata)
    menu_block3                              0x300a1ffc   Data       12000  menu_block3.o(.constdata)
    menu_exit                                0x300a4edc   Data       12000  menu_exit.o(.constdata)
    menu_g_back                              0x300a7dbc   Data        4800  menu_g_back.o(.constdata)
    menu_next                                0x300a907c   Data       12000  menu_next.o(.constdata)
    menu_restart                             0x300abf5c   Data        4800  menu_restart.o(.constdata)
    menu_again                               0x300ad21c   Data       12000  menu_again.o(.constdata)
    menu_ok                                  0x300b00fc   Data       12000  menu_ok.o(.constdata)
    Region$$Table$$Base                      0x300b30b4   Number         0  anon$$obj.o(Region$$Table)
    Region$$Table$$Limit                     0x300b30d4   Number         0  anon$$obj.o(Region$$Table)
    __ctype                                  0x300b30fd   Data           0  lc_ctype_c.o(locale$$data)
    FCLK                                     0x31000000   Data           4  clock.o(.data)
    HCLK                                     0x31000004   Data           4  clock.o(.data)
    PCLK                                     0x31000008   Data           4  clock.o(.data)
    MIN_X                                    0x3100000c   Data           4  adc.o(.data)
    MAX_X                                    0x31000010   Data           4  adc.o(.data)
    MIN_Y                                    0x31000014   Data           4  adc.o(.data)
    MAX_Y                                    0x31000018   Data           4  adc.o(.data)
    xData                                    0x3100001c   Data           4  adc.o(.data)
    yData                                    0x31000020   Data           4  adc.o(.data)
    AD2LCD                                   0x31000024   Data           1  adc.o(.data)
    x_min                                    0x31000028   Data           4  adc.o(.data)
    x_max                                    0x3100002c   Data           4  adc.o(.data)
    y_min                                    0x31000030   Data           4  adc.o(.data)
    y_max                                    0x31000034   Data           4  adc.o(.data)
    picture                                  0x31000038   Data          52  element.o(.data)
    LoopVal                                  0x3100006c   Data           4  share.o(.data)
    restTime                                 0x31000070   Data           4  share.o(.data)
    noConnectTime                            0x31000074   Data           4  share.o(.data)
    gameExeFlag                              0x31000078   Data           4  share.o(.data)
    LCD_BUFFER                               0x3100007c   Data       153600  lcd.o(.bss)
    _random_number_data                      0x310258ac   Data         228  rand.o(.bss)
    __libspace_start                         0x31025990   Data          96  libspace.o(.bss)
    __temporary_stack_top$libspace           0x310259f0   Data           0  libspace.o(.bss)



==============================================================================

Memory Map of the image

  Image Entry point : 0x300000e8

  Load Region LR_ROM1 (Base: 0x30000000, Size: 0x000b327c, Max: 0x01000000, ABSOLUTE)

    Execution Region ER_ROM1 (Base: 0x30000000, Size: 0x000b3200, Max: 0x01000000, ABSOLUTE)

    Base Addr    Size         Type   Attr      Idx    E Section Name        Object

    0x30000000   0x000000e8   Code   RO          150    RESET               s3c2440.o
    0x300000e8   0x00000008   Code   RO          719  * !!!main             c_t.l(__main.o)
    0x300000f0   0x0000003c   Code   RO         1077    !!!scatter          c_t.l(__scatter.o)
    0x3000012c   0x00000028   Code   RO         1079    !!handler_copy      c_t.l(__scatter_copy.o)
    0x30000154   0x0000002c   Code   RO         1081    !!handler_zi        c_t.l(__scatter_zi.o)
    0x30000180   0x00000004   Ven    RO          832    .ARM.Collect$$_printf_percent$$00000000  c_t.l(_printf_percent.o)
    0x30000184   0x00000000   Code   RO          832    .ARM.Collect$$_printf_percent$$00000000  c_t.l(_printf_percent.o)
    0x30000184   0x00000008   Code   RO          821    .ARM.Collect$$_printf_percent$$00000001  c_t.l(_printf_n.o)
    0x3000018c   0x00000008   Code   RO          823    .ARM.Collect$$_printf_percent$$00000002  c_t.l(_printf_p.o)
    0x30000194   0x00000008   Code   RO          828    .ARM.Collect$$_printf_percent$$00000003  c_t.l(_printf_f.o)
    0x3000019c   0x00000008   Code   RO          829    .ARM.Collect$$_printf_percent$$00000004  c_t.l(_printf_e.o)
    0x300001a4   0x00000008   Code   RO          830    .ARM.Collect$$_printf_percent$$00000005  c_t.l(_printf_g.o)
    0x300001ac   0x00000008   Code   RO          831    .ARM.Collect$$_printf_percent$$00000006  c_t.l(_printf_a.o)
    0x300001b4   0x0000000c   Code   RO          836    .ARM.Collect$$_printf_percent$$00000007  c_t.l(_printf_ll.o)
    0x300001c0   0x00000008   Code   RO          825    .ARM.Collect$$_printf_percent$$00000008  c_t.l(_printf_i.o)
    0x300001c8   0x00000008   Code   RO          826    .ARM.Collect$$_printf_percent$$00000009  c_t.l(_printf_d.o)
    0x300001d0   0x00000008   Code   RO          827    .ARM.Collect$$_printf_percent$$0000000A  c_t.l(_printf_u.o)
    0x300001d8   0x00000008   Code   RO          824    .ARM.Collect$$_printf_percent$$0000000B  c_t.l(_printf_o.o)
    0x300001e0   0x00000008   Code   RO          822    .ARM.Collect$$_printf_percent$$0000000C  c_t.l(_printf_x.o)
    0x300001e8   0x00000008   Code   RO          833    .ARM.Collect$$_printf_percent$$0000000D  c_t.l(_printf_lli.o)
    0x300001f0   0x00000008   Code   RO          834    .ARM.Collect$$_printf_percent$$0000000E  c_t.l(_printf_lld.o)
    0x300001f8   0x00000008   Code   RO          835    .ARM.Collect$$_printf_percent$$0000000F  c_t.l(_printf_llu.o)
    0x30000200   0x00000008   Code   RO          840    .ARM.Collect$$_printf_percent$$00000010  c_t.l(_printf_llo.o)
    0x30000208   0x00000008   Code   RO          841    .ARM.Collect$$_printf_percent$$00000011  c_t.l(_printf_llx.o)
    0x30000210   0x0000000c   Code   RO          837    .ARM.Collect$$_printf_percent$$00000012  c_t.l(_printf_l.o)
    0x3000021c   0x00000008   Code   RO          819    .ARM.Collect$$_printf_percent$$00000013  c_t.l(_printf_c.o)
    0x30000224   0x00000008   Code   RO          820    .ARM.Collect$$_printf_percent$$00000014  c_t.l(_printf_s.o)
    0x3000022c   0x00000008   Code   RO          838    .ARM.Collect$$_printf_percent$$00000015  c_t.l(_printf_lc.o)
    0x30000234   0x00000008   Code   RO          839    .ARM.Collect$$_printf_percent$$00000016  c_t.l(_printf_ls.o)
    0x3000023c   0x00000008   Code   RO          923    .ARM.Collect$$_printf_percent$$00000017  c_t.l(_printf_percent_end.o)
    0x30000244   0x00000008   Ven    RO          986    .ARM.Collect$$libinit$$00000000  c_t.l(libinit.o)
    0x3000024c   0x00000006   Code   RO          986    .ARM.Collect$$libinit$$00000000  c_t.l(libinit.o)
    0x30000252   0x00000000   Code   RO          844    .ARM.Collect$$libinit$$00000006  c_t.l(libinit2.o)
    0x30000252   0x00000000   Code   RO          846    .ARM.Collect$$libinit$$00000008  c_t.l(libinit2.o)
    0x30000252   0x00000004   Code   RO          847    .ARM.Collect$$libinit$$00000009  c_t.l(libinit2.o)
    0x30000256   0x00000000   Code   RO          848    .ARM.Collect$$libinit$$0000000A  c_t.l(libinit2.o)
    0x30000256   0x00000006   Code   RO          849    .ARM.Collect$$libinit$$0000000B  c_t.l(libinit2.o)
    0x3000025c   0x00000000   Code   RO          851    .ARM.Collect$$libinit$$0000000D  c_t.l(libinit2.o)
    0x3000025c   0x0000000c   Code   RO          852    .ARM.Collect$$libinit$$0000000E  c_t.l(libinit2.o)
    0x30000268   0x00000000   Code   RO          853    .ARM.Collect$$libinit$$0000000F  c_t.l(libinit2.o)
    0x30000268   0x00000000   Code   RO          855    .ARM.Collect$$libinit$$00000011  c_t.l(libinit2.o)
    0x30000268   0x0000000a   Code   RO          856    .ARM.Collect$$libinit$$00000012  c_t.l(libinit2.o)
    0x30000272   0x00000000   Code   RO          857    .ARM.Collect$$libinit$$00000013  c_t.l(libinit2.o)
    0x30000272   0x00000000   Code   RO          859    .ARM.Collect$$libinit$$00000015  c_t.l(libinit2.o)
    0x30000272   0x00000000   Code   RO          861    .ARM.Collect$$libinit$$00000017  c_t.l(libinit2.o)
    0x30000272   0x00000000   Code   RO          863    .ARM.Collect$$libinit$$00000019  c_t.l(libinit2.o)
    0x30000272   0x00000000   Code   RO          865    .ARM.Collect$$libinit$$0000001B  c_t.l(libinit2.o)
    0x30000272   0x00000000   Code   RO          867    .ARM.Collect$$libinit$$0000001D  c_t.l(libinit2.o)
    0x30000272   0x00000000   Code   RO          869    .ARM.Collect$$libinit$$0000001F  c_t.l(libinit2.o)
    0x30000272   0x00000000   Code   RO          871    .ARM.Collect$$libinit$$00000021  c_t.l(libinit2.o)
    0x30000272   0x00000000   Code   RO          875    .ARM.Collect$$libinit$$00000028  c_t.l(libinit2.o)
    0x30000272   0x00000000   Code   RO          877    .ARM.Collect$$libinit$$0000002A  c_t.l(libinit2.o)
    0x30000272   0x00000000   Code   RO          879    .ARM.Collect$$libinit$$0000002C  c_t.l(libinit2.o)
    0x30000272   0x00000000   Code   RO          881    .ARM.Collect$$libinit$$0000002E  c_t.l(libinit2.o)
    0x30000272   0x0000000c   Code   RO          882    .ARM.Collect$$libinit$$0000002F  c_t.l(libinit2.o)
    0x3000027e   0x00000002   PAD
    0x30000280   0x00000008   Ven    RO         1046    .ARM.Collect$$libshutdown$$00000000  c_t.l(libshutdown.o)
    0x30000288   0x00000004   Code   RO         1046    .ARM.Collect$$libshutdown$$00000000  c_t.l(libshutdown.o)
    0x3000028c   0x00000000   Code   RO         1063    .ARM.Collect$$libshutdown$$00000003  c_t.l(libshutdown2.o)
    0x3000028c   0x00000000   Code   RO         1066    .ARM.Collect$$libshutdown$$00000006  c_t.l(libshutdown2.o)
    0x3000028c   0x00000000   Code   RO         1069    .ARM.Collect$$libshutdown$$00000009  c_t.l(libshutdown2.o)
    0x3000028c   0x00000000   Code   RO         1071    .ARM.Collect$$libshutdown$$0000000B  c_t.l(libshutdown2.o)
    0x3000028c   0x00000000   Code   RO         1074    .ARM.Collect$$libshutdown$$0000000E  c_t.l(libshutdown2.o)
    0x3000028c   0x00000006   Code   RO         1075    .ARM.Collect$$libshutdown$$0000000F  c_t.l(libshutdown2.o)
    0x30000292   0x00000002   PAD
    0x30000294   0x00000000   Code   RO          739    .ARM.Collect$$rtentry$$00000000  c_t.l(rtentry.o)
    0x30000294   0x00000000   Code   RO          891    .ARM.Collect$$rtentry$$00000002  c_t.l(rtentry2.o)
    0x30000294   0x00000008   Code   RO          903    .ARM.Collect$$rtentry$$00000004  c_t.l(rtentry4.o)
    0x3000029c   0x00000000   Code   RO          893    .ARM.Collect$$rtentry$$00000009  c_t.l(rtentry2.o)
    0x3000029c   0x00000004   Code   RO          894    .ARM.Collect$$rtentry$$0000000A  c_t.l(rtentry2.o)
    0x300002a0   0x00000000   Code   RO          896    .ARM.Collect$$rtentry$$0000000C  c_t.l(rtentry2.o)
    0x300002a0   0x00000028   Code   RO          897    .ARM.Collect$$rtentry$$0000000D  c_t.l(rtentry2.o)
    0x300002c8   0x00000004   Ven    RO          996    .ARM.Collect$$rtexit$$00000000  c_t.l(rtexit.o)
    0x300002cc   0x00000004   Code   RO          996    .ARM.Collect$$rtexit$$00000000  c_t.l(rtexit.o)
    0x300002d0   0x00000000   Code   RO         1023    .ARM.Collect$$rtexit$$00000002  c_t.l(rtexit2.o)
    0x300002d0   0x00000004   Code   RO         1024    .ARM.Collect$$rtexit$$00000003  c_t.l(rtexit2.o)
    0x300002d4   0x00000008   Code   RO         1025    .ARM.Collect$$rtexit$$00000004  c_t.l(rtexit2.o)
    0x300002dc   0x00000008   Ven    RO          696    .emb_text           c_t.l(rand.o)
    0x300002e4   0x00000038   Code   RO          696    .emb_text           c_t.l(rand.o)
    0x3000031c   0x000005cc   Code   RO            1    .text               gui.o
    0x300008e8   0x00000218   Code   RO           40    .text               main.o
    0x30000b00   0x00000074   Code   RO           92    .text               gpio.o
    0x30000b74   0x0000026c   Code   RO          104    .text               irq.o
    0x30000de0   0x000002c4   Code   RO          130    .text               mmu.o
    0x300010a4   0x00000020   Code   RO          151    .text               s3c2440.o
    0x300010c4   0x00000214   Code   RO          157    .text               uart.o
    0x300012d8   0x000002f0   Code   RO          183    .text               clock.o
    0x300015c8   0x000005ec   Code   RO          205    .text               lcd.o
    0x30001bb4   0x000000c0   Code   RO          228    .text               timer.o
    0x30001c74   0x000007c0   Code   RO          240    .text               adc.o
    0x30002434   0x000000a0   Code   RO          279    .text               element.o
    0x300024d4   0x00000b58   Code   RO          317    .text               gamemng.o
    0x3000302c   0x000002a8   Code   RO          335    .text               gameui.o
    0x300032d4   0x000005e0   Code   RO          356    .text               mat.o
    0x300038b4   0x00000464   Code   RO          376    .text               myui.o
    0x30003d18   0x00000158   Code   RO          388    .text               share.o
    0x30003e70   0x000002cc   Code   RO          410    .text               ui.o
    0x3000413c   0x00000008   Ven    RO          694    .text               c_t.l(c89vsprintf.o)
    0x30004144   0x00000028   Code   RO          694    .text               c_t.l(c89vsprintf.o)
    0x3000416c   0x00000008   Ven    RO          697    .text               c_t.l(rand.o)
    0x30004174   0x00000040   Code   RO          697    .text               c_t.l(rand.o)
    0x300041b4   0x00000004   Ven    RO          701    .text               c_t.l(aeabi_sdiv.o)
    0x300041b8   0x00000180   Code   RO          701    .text               c_t.l(aeabi_sdiv.o)
    0x30004338   0x00000006   Code   RO          717    .text               c_t.l(heapauxi.o)
    0x3000433e   0x00000056   Code   RO          750    .text               c_t.l(_printf_pad.o)
    0x30004394   0x0000002c   Code   RO          752    .text               c_t.l(_printf_truncate.o)
    0x300043c0   0x00000058   Code   RO          754    .text               c_t.l(_printf_str.o)
    0x30004418   0x00000008   Ven    RO          756    .text               c_t.l(_printf_dec.o)
    0x30004420   0x00000070   Code   RO          756    .text               c_t.l(_printf_dec.o)
    0x30004490   0x00000008   Ven    RO          758    .text               c_t.l(_printf_charcount.o)
    0x30004498   0x00000028   Code   RO          758    .text               c_t.l(_printf_charcount.o)
    0x300044c0   0x00000030   Code   RO          760    .text               c_t.l(_printf_char_common.o)
    0x300044f0   0x0000000a   Code   RO          762    .text               c_t.l(_sputc.o)
    0x300044fa   0x00000002   PAD
    0x300044fc   0x000000c0   Code   RO          764    .text               c_t.l(_printf_wctomb.o)
    0x300045bc   0x00000008   Ven    RO          770    .text               c_t.l(_printf_longlong_dec.o)
    0x300045c4   0x00000074   Code   RO          770    .text               c_t.l(_printf_longlong_dec.o)
    0x30004638   0x00000008   Ven    RO          776    .text               c_t.l(_printf_oct_int_ll.o)
    0x30004640   0x00000078   Code   RO          776    .text               c_t.l(_printf_oct_int_ll.o)
    0x300046b8   0x00000008   Ven    RO          796    .text               c_t.l(_printf_hex_int_ll_ptr.o)
    0x300046c0   0x000000a0   Code   RO          796    .text               c_t.l(_printf_hex_int_ll_ptr.o)
    0x30004760   0x0000019c   Code   RO          816    .text               c_t.l(__printf_flags_ss_wp.o)
    0x300048fc   0x00000004   Ven    RO          907    .text               c_t.l(lludiv10.o)
    0x30004900   0x000000a0   Code   RO          907    .text               c_t.l(lludiv10.o)
    0x300049a0   0x000000ba   Code   RO          909    .text               c_t.l(_printf_intcommon.o)
    0x30004a5a   0x00000002   PAD
    0x30004a5c   0x00000420   Code   RO          911    .text               c_t.l(_printf_fp_dec.o)
    0x30004e7c   0x00000008   Ven    RO          919    .text               c_t.l(_printf_char.o)
    0x30004e84   0x00000032   Code   RO          919    .text               c_t.l(_printf_char.o)
    0x30004eb6   0x00000002   PAD
    0x30004eb8   0x00000008   Ven    RO          921    .text               c_t.l(_printf_wchar.o)
    0x30004ec0   0x00000032   Code   RO          921    .text               c_t.l(_printf_wchar.o)
    0x30004ef2   0x0000004a   Code   RO          924    .text               c_t.l(_wcrtomb.o)
    0x30004f3c   0x00000004   Ven    RO          928    .text               c_t.l(rtudiv10.o)
    0x30004f40   0x0000002c   Code   RO          928    .text               c_t.l(rtudiv10.o)
    0x30004f6c   0x00000060   Code   RO          932    .text               c_t.l(sys_stackheap_outer.o)
    0x30004fcc   0x00000004   Ven    RO          934    .text               c_t.l(rt_ctype_table.o)
    0x30004fd0   0x00000018   Code   RO          934    .text               c_t.l(rt_ctype_table.o)
    0x30004fe8   0x00000004   Ven    RO          939    .text               c_t.l(rt_locale_intlibspace.o)
    0x30004fec   0x0000000c   Code   RO          939    .text               c_t.l(rt_locale_intlibspace.o)
    0x30004ff8   0x00000090   Code   RO          941    .text               c_t.l(_printf_fp_infnan.o)
    0x30005088   0x000000d8   Code   RO          943    .text               c_t.l(bigflt0.o)
    0x30005160   0x0000000c   Code   RO          971    .text               c_t.l(exit.o)
    0x3000516c   0x0000000c   Code   RO          993    .text               c_t.l(libspace.o)
    0x30005178   0x000000a0   Code   RO         1013    .text               c_t.l(strcmp.o)
    0x30005218   0x00000008   Ven    RO         1017    .text               c_t.l(sys_exit.o)
    0x30005220   0x0000000c   Code   RO         1017    .text               c_t.l(sys_exit.o)
    0x3000522c   0x00000004   Code   RO         1019    .text               c_t.l(use_no_semi.o)
    0x30005230   0x00000000   Code   RO         1021    .text               c_t.l(indicate_semi.o)
    0x30005230   0x0000000c   Code   RO         1032    .text               c_t.l(rt_fp_status_addr_intlibspace.o)
    0x3000523c   0x00000024   Code   RO          702    .text_udiv          c_t.l(aeabi_sdiv.o)
    0x30005260   0x00000004   Ven    RO          946    CL$$btod_d2e        c_t.l(btod.o)
    0x30005264   0x00000038   Code   RO          946    CL$$btod_d2e        c_t.l(btod.o)
    0x3000529c   0x00000054   Code   RO          948    CL$$btod_d2e_denorm_low  c_t.l(btod.o)
    0x300052f0   0x00000068   Code   RO          947    CL$$btod_d2e_norm_op1  c_t.l(btod.o)
    0x30005358   0x0000034c   Code   RO          956    CL$$btod_div_common  c_t.l(btod.o)
    0x300056a4   0x000000dc   Code   RO          953    CL$$btod_e2e        c_t.l(btod.o)
    0x30005780   0x00000004   Ven    RO          950    CL$$btod_ediv       c_t.l(btod.o)
    0x30005784   0x00000034   Code   RO          950    CL$$btod_ediv       c_t.l(btod.o)
    0x300057b8   0x00000004   Ven    RO          949    CL$$btod_emul       c_t.l(btod.o)
    0x300057bc   0x00000034   Code   RO          949    CL$$btod_emul       c_t.l(btod.o)
    0x300057f0   0x00000268   Code   RO          955    CL$$btod_mult_common  c_t.l(btod.o)
    0x30005a58   0x0000000c   Ven    RO         1111    Veneer$$Code        anon$$obj.o
    0x30005a64   0x0000000c   Ven    RO         1112    Veneer$$Code        anon$$obj.o
    0x30005a70   0x0000000c   Ven    RO         1113    Veneer$$Code        anon$$obj.o
    0x30005a7c   0x0000000c   Ven    RO         1114    Veneer$$Code        anon$$obj.o
    0x30005a88   0x0000000c   Ven    RO         1115    Veneer$$Code        anon$$obj.o
    0x30005a94   0x0000000c   Ven    RO         1116    Veneer$$Code        anon$$obj.o
    0x30005aa0   0x00000002   Code   RO          748    i.__ARM_common_call_via_r1  c_t.l(__printf.o)
    0x30005aa2   0x00000002   Code   RO          768    i.__ARM_common_call_via_r2  c_t.l(_printf_wctomb.o)
    0x30005aa4   0x00000002   Code   RO          926    i.__ARM_common_call_via_r3  c_t.l(_wcrtomb.o)
    0x30005aa6   0x00000002   PAD
    0x30005aa8   0x00000004   Ven    RO          989    i.__ARM_fpclassify  m_ts.l(fpclassify.o)
    0x30005aac   0x00000030   Code   RO          989    i.__ARM_fpclassify  m_ts.l(fpclassify.o)
    0x30005adc   0x0000000e   Code   RO          809    i._is_digit         c_t.l(__printf_wp.o)
    0x30005aea   0x00000002   PAD
    0x30005aec   0x00000004   Ven    RO          969    locale$$code        c_t.l(lc_numeric_c.o)
    0x30005af0   0x00000050   Code   RO          969    locale$$code        c_t.l(lc_numeric_c.o)
    0x30005b40   0x00000004   Ven    RO         1003    locale$$code        c_t.l(lc_ctype_c.o)
    0x30005b44   0x00000050   Code   RO         1003    locale$$code        c_t.l(lc_ctype_c.o)
    0x30005b94   0x00000154   Code   RO          721    x$fpl$dadd          fz_ts.l(daddsub_noclz.o)
    0x30005ce8   0x000002e0   Code   RO          728    x$fpl$ddiv          fz_ts.l(ddiv.o)
    0x30005fc8   0x00000070   Code   RO          731    x$fpl$dfixu         fz_ts.l(dfixu.o)
    0x30006038   0x00000058   Code   RO          736    x$fpl$dflt          fz_ts.l(dflt_noclz.o)
    0x30006090   0x0000000c   Code   RO          735    x$fpl$dfltu         fz_ts.l(dflt_noclz.o)
    0x3000609c   0x000000c0   Code   RO          883    x$fpl$dnaninf       fz_ts.l(dnaninf.o)
    0x3000615c   0x00000010   Code   RO          885    x$fpl$dretinf       fz_ts.l(dretinf.o)
    0x3000616c   0x00000244   Code   RO          723    x$fpl$dsub          fz_ts.l(daddsub_noclz.o)
    0x300063b0   0x00000004   Ven    RO         1015    x$fpl$fpinit        fz_ts.l(fpinit.o)
    0x300063b4   0x00000018   Code   RO         1015    x$fpl$fpinit        fz_ts.l(fpinit.o)
    0x300063cc   0x00000004   Ven    RO          987    x$fpl$ieeestatus    fz_ts.l(istatus.o)
    0x300063d0   0x00000008   Code   RO          987    x$fpl$ieeestatus    fz_ts.l(istatus.o)
    0x300063d8   0x00000004   Code   RO          887    x$fpl$printf1       fz_ts.l(printf1.o)
    0x300063dc   0x00000000   Code   RO          889    x$fpl$usenofp       fz_ts.l(usenofp.o)
    0x300063dc   0x00040e40   Data   RO          265    .constdata          font16x16.o
    0x3004721c   0x000000c0   Data   RO          272    .constdata          zm16x16.o
    0x300472dc   0x00000320   Data   RO          422    .constdata          element1.o
    0x300475fc   0x00000320   Data   RO          431    .constdata          element2.o
    0x3004791c   0x00000320   Data   RO          440    .constdata          element3.o
    0x30047c3c   0x00000320   Data   RO          449    .constdata          element4.o
    0x30047f5c   0x00000320   Data   RO          458    .constdata          element5.o
    0x3004827c   0x00000320   Data   RO          467    .constdata          element6.o
    0x3004859c   0x00000320   Data   RO          476    .constdata          element7.o
    0x300488bc   0x00000320   Data   RO          485    .constdata          element8.o
    0x30048bdc   0x00000320   Data   RO          494    .constdata          element9.o
    0x30048efc   0x00000320   Data   RO          503    .constdata          element10.o
    0x3004921c   0x00000320   Data   RO          512    .constdata          element11.o
    0x3004953c   0x00000320   Data   RO          521    .constdata          element12.o
    0x3004985c   0x00004b00   Data   RO          530    .constdata          tit_exitgame.o
    0x3004e35c   0x00003840   Data   RO          539    .constdata          tit_lian.o
    0x30051b9c   0x00004b00   Data   RO          548    .constdata          tit_seccess.o
    0x3005669c   0x00004b00   Data   RO          557    .constdata          tit_start.o
    0x3005b19c   0x00025800   Data   RO          566    .constdata          white.o
    0x3008099c   0x00007080   Data   RO          575    .constdata          tit_noconnect.o
    0x30087a1c   0x00007080   Data   RO          584    .constdata          tit_timeout.o
    0x3008ea9c   0x0000a8c0   Data   RO          593    .constdata          tit_win.o
    0x3009935c   0x00002ee0   Data   RO          602    .constdata          menu_back.o
    0x3009c23c   0x00002ee0   Data   RO          611    .constdata          menu_block1.o
    0x3009f11c   0x00002ee0   Data   RO          620    .constdata          menu_block2.o
    0x300a1ffc   0x00002ee0   Data   RO          629    .constdata          menu_block3.o
    0x300a4edc   0x00002ee0   Data   RO          638    .constdata          menu_exit.o
    0x300a7dbc   0x000012c0   Data   RO          647    .constdata          menu_g_back.o
    0x300a907c   0x00002ee0   Data   RO          656    .constdata          menu_next.o
    0x300abf5c   0x000012c0   Data   RO          665    .constdata          menu_restart.o
    0x300ad21c   0x00002ee0   Data   RO          674    .constdata          menu_again.o
    0x300b00fc   0x00002ee0   Data   RO          683    .constdata          menu_ok.o
    0x300b2fdc   0x00000008   Data   RO          765    .constdata          c_t.l(_printf_wctomb.o)
    0x300b2fe4   0x00000028   Data   RO          797    .constdata          c_t.l(_printf_hex_int_ll_ptr.o)
    0x300b300c   0x00000011   Data   RO          817    .constdata          c_t.l(__printf_flags_ss_wp.o)
    0x300b301d   0x00000003   PAD
    0x300b3020   0x00000094   Data   RO          944    .constdata          c_t.l(bigflt0.o)
    0x300b30b4   0x00000020   Data   RO         1076    Region$$Table       anon$$obj.o
    0x300b30d4   0x0000001c   Data   RO          968    locale$$data        c_t.l(lc_numeric_c.o)
    0x300b30f0   0x00000110   Data   RO         1002    locale$$data        c_t.l(lc_ctype_c.o)


    Execution Region RW_RAM1 (Base: 0x31000000, Size: 0x000267f8, Max: 0x03000000, ABSOLUTE)

    Base Addr    Size         Type   Attr      Idx    E Section Name        Object

    0x31000000   0x0000000c   Data   RW          184    .data               clock.o
    0x3100000c   0x0000002c   Data   RW          241    .data               adc.o
    0x31000038   0x00000034   Data   RW          280    .data               element.o
    0x3100006c   0x00000010   Data   RW          389    .data               share.o
    0x3100007c   0x00025800   Zero   RW          206    .bss                lcd.o
    0x3102587c   0x00000030   Zero   RW          357    .bss                mat.o
    0x310258ac   0x000000e4   Zero   RW          698    .bss                c_t.l(rand.o)
    0x31025990   0x00000060   Zero   RW          994    .bss                c_t.l(libspace.o)
    0x310259f0   0x00000000   Zero   RW          149    HEAP                s3c2440.o
    0x310259f0   0x00000e08   Zero   RW          148    STACK               s3c2440.o


==============================================================================

Image component sizes


      Code (inc. data)   RO Data    RW Data    ZI Data      Debug   Object Name

      1984         84          0         44          0       4305   adc.o
       752         28          0         12          0       1236   clock.o
       160          4          0         52          0       2201   element.o
         0          0        800          0          0        343   element1.o
         0          0        800          0          0        348   element10.o
         0          0        800          0          0        348   element11.o
         0          0        800          0          0        348   element12.o
         0          0        800          0          0        343   element2.o
         0          0        800          0          0        343   element3.o
         0          0        800          0          0        343   element4.o
         0          0        800          0          0        343   element5.o
         0          0        800          0          0        343   element6.o
         0          0        800          0          0        343   element7.o
         0          0        800          0          0        343   element8.o
         0          0        800          0          0        343   element9.o
         0          0     265792          0          0        294   font16x16.o
      2904          8          0          0          0       6207   gamemng.o
       680         12          0          0          0       2513   gameui.o
       116         12          0          0          0        649   gpio.o
      1484          0          0          0          0       6494   gui.o
       620         12          0          0          0       1023   irq.o
      1516         48          0          0     153600       4814   lcd.o
       536         68          0          0          0       3036   main.o
      1504         92          0          0         48       4414   mat.o
         0          0      12000          0          0        349   menu_again.o
         0          0      12000          0          0        336   menu_back.o
         0          0      12000          0          0        350   menu_block1.o
         0          0      12000          0          0        350   menu_block2.o
         0          0      12000          0          0        350   menu_block3.o
         0          0      12000          0          0        336   menu_exit.o
         0          0       4800          0          0        350   menu_g_back.o
         0          0      12000          0          0        336   menu_next.o
         0          0      12000          0          0        330   menu_ok.o
         0          0       4800          0          0        355   menu_restart.o
       708         44          0          0          0       1401   mmu.o
      1124         68          0          0          0       2170   myui.o
       264         56          0          0       3592        436   s3c2440.o
       344        100          0         16          0       1016   share.o
       192          8          0          0          0        397   timer.o
         0          0      19200          0          0        359   tit_exitgame.o
         0          0      14400          0          0        335   tit_lian.o
         0          0      28800          0          0        364   tit_noconnect.o
         0          0      19200          0          0        350   tit_seccess.o
         0          0      19200          0          0        344   tit_start.o
         0          0      28800          0          0        350   tit_timeout.o
         0          0      43200          0          0        330   tit_win.o
       532         16          0          0          0       2121   uart.o
       716          8          0          0          0       1776   ui.o
         0          0     153600          0          0        324   white.o
         0          0        192          0          0        259   zm16x16.o

    ----------------------------------------------------------------------
     16208        692     707616        124     157240      57091   Object Totals
        72         24         32          0          0          0   (incl. Generated)
         0          0          0          0          0          0   (incl. Padding)

    ----------------------------------------------------------------------

      Code (inc. data)   RO Data    RW Data    ZI Data      Debug   Library Member Name

         8          0          0          0          0         68   __main.o
         2          0          0          0          0         60   __printf.o
       412          4         17          0          0         92   __printf_flags_ss_wp.o
        14          0          0          0          0         60   __printf_wp.o
        60          8          0          0          0          0   __scatter.o
        40          0          0          0          0          0   __scatter_copy.o
        44          0          0          0          0          0   __scatter_zi.o
         8          0          0          0          0          0   _printf_a.o
         8          0          0          0          0          0   _printf_c.o
        58          0          0          0          0        112   _printf_char.o
        48          4          0          0          0         96   _printf_char_common.o
        48          0          0          0          0         60   _printf_charcount.o
         8          0          0          0          0          0   _printf_d.o
       120         18          0          0          0         88   _printf_dec.o
         8          0          0          0          0          0   _printf_e.o
         8          0          0          0          0          0   _printf_f.o
      1056         14          0          0          0        192   _printf_fp_dec.o
       144         16          0          0          0         88   _printf_fp_infnan.o
         8          0          0          0          0          0   _printf_g.o
       168          4         40          0          0        176   _printf_hex_int_ll_ptr.o
         8          0          0          0          0          0   _printf_i.o
       186          0          0          0          0        100   _printf_intcommon.o
        12          0          0          0          0          0   _printf_l.o
         8          0          0          0          0          0   _printf_lc.o
        12          0          0          0          0          0   _printf_ll.o
         8          0          0          0          0          0   _printf_lld.o
         8          0          0          0          0          0   _printf_lli.o
         8          0          0          0          0          0   _printf_llo.o
         8          0          0          0          0          0   _printf_llu.o
         8          0          0          0          0          0   _printf_llx.o
       124         18          0          0          0         88   _printf_longlong_dec.o
         8          0          0          0          0          0   _printf_ls.o
         8          0          0          0          0          0   _printf_n.o
         8          0          0          0          0          0   _printf_o.o
       128         10          0          0          0        136   _printf_oct_int_ll.o
         8          0          0          0          0          0   _printf_p.o
        86          0          0          0          0        116   _printf_pad.o
         4          0          0          0          0          0   _printf_percent.o
         8          0          0          0          0          0   _printf_percent_end.o
         8          0          0          0          0          0   _printf_s.o
        88          0          0          0          0         84   _printf_str.o
        44          0          0          0          0         76   _printf_truncate.o
         8          0          0          0          0          0   _printf_u.o
        58          0          0          0          0        112   _printf_wchar.o
       194          4          8          0          0        156   _printf_wctomb.o
         8          0          0          0          0          0   _printf_x.o
        10          0          0          0          0         60   _sputc.o
        76          0          0          0          0        148   _wcrtomb.o
       424          0          0          0          0        148   aeabi_sdiv.o
       216          6        148          0          0         96   bigflt0.o
      2040        128          0          0          0        696   btod.o
        48          4          0          0          0         80   c89vsprintf.o
        12          0          0          0          0         64   exit.o
         6          0          0          0          0        136   heapauxi.o
         0          0          0          0          0          0   indicate_semi.o
        84          8        272          0          0         92   lc_ctype_c.o
        84          8         28          0          0         92   lc_numeric_c.o
        14          0          0          0          0          0   libinit.o
        44          0          0          0          0          0   libinit2.o
        12          0          0          0          0          0   libshutdown.o
         6          0          0          0          0          0   libshutdown2.o
        12          4          0          0         96         68   libspace.o
       164          0          0          0          0         96   lludiv10.o
       136         16          0          0        228        156   rand.o
        28          4          0          0          0         84   rt_ctype_table.o
        12          4          0          0          0         68   rt_fp_status_addr_intlibspace.o
        16          4          0          0          0         68   rt_locale_intlibspace.o
         0          0          0          0          0          0   rtentry.o
        44          4          0          0          0          0   rtentry2.o
         8          0          0          0          0          0   rtentry4.o
         8          0          0          0          0          0   rtexit.o
        12          0          0          0          0          0   rtexit2.o
        48          0          0          0          0         68   rtudiv10.o
       160          4          0          0          0         80   strcmp.o
        20          4          0          0          0         60   sys_exit.o
        96          0          0          0          0         80   sys_stackheap_outer.o
         4          0          0          0          0         68   use_no_semi.o
       920         16          0          0          0        296   daddsub_noclz.o
       736        140          0          0          0        232   ddiv.o
       112          4          0          0          0         92   dfixu.o
       100          0          0          0          0        136   dflt_noclz.o
       192          0          0          0          0        108   dnaninf.o
        16          0          0          0          0         68   dretinf.o
        28          0          0          0          0         80   fpinit.o
        12          0          0          0          0         68   istatus.o
         4          0          0          0          0         68   printf1.o
         0          0          0          0          0          0   usenofp.o
        52          0          0          0          0         68   fpclassify.o

    ----------------------------------------------------------------------
      9356        458        516          0        324       5684   Library Totals
        14          0          3          0          0          0   (incl. Padding)

    ----------------------------------------------------------------------

      Code (inc. data)   RO Data    RW Data    ZI Data      Debug   Library Name

      7170        298        513          0        324       4468   c_t.l
      2120        160          0          0          0       1148   fz_ts.l
        52          0          0          0          0         68   m_ts.l

    ----------------------------------------------------------------------
      9356        458        516          0        324       5684   Library Totals

    ----------------------------------------------------------------------

==============================================================================


      Code (inc. data)   RO Data    RW Data    ZI Data      Debug   

     25564       1150     708132        124     157564      58527   Grand Totals
     25564       1150     708132        124     157564      58527   ELF Image Totals
     25564       1150     708132        124          0          0   ROM Totals

==============================================================================

    Total RO  Size (Code + RO Data)               733696 ( 716.50kB)
    Total RW  Size (RW Data + ZI Data)            157688 ( 153.99kB)
    Total ROM Size (Code + RO Data + RW Data)     733820 ( 716.62kB)

==============================================================================

